<?xml version="1.0"?>
<link_info>
   <banner>MSP430 Linker PC v4.4.2</banner>
   <copyright>Copyright (c) 2003-2014 Texas Instruments Incorporated</copyright>
   <link_time>0x55d0ec15</link_time>
   <link_errors>0x0</link_errors>
   <output_file>ShowerMetronone.out</output_file>
   <entry_point>
      <name>_c_int00</name>
      <address>0xf94a</address>
   </entry_point>
   <input_file_list>
      <input_file id="fl-3">
         <path>C:\Users\Ryan\CSS_workspace_v6_0\ShowerMetronone\Debug\configPkg\package\cfg\</path>
         <kind>object</kind>
         <file>main_pe430.oe430</file>
         <name>main_pe430.oe430</name>
      </input_file>
      <input_file id="fl-7">
         <path>.\</path>
         <kind>object</kind>
         <file>main.obj</file>
         <name>main.obj</name>
      </input_file>
      <input_file id="fl-d">
         <path>C:\ti\grace_3_00_02_64\packages\ti\targets\msp430\rts430\lib\</path>
         <kind>archive</kind>
         <file>boot.ae430</file>
         <name>boot.oe430</name>
      </input_file>
      <input_file id="fl-e">
         <path>C:\ti\grace_3_00_02_64\packages\ti\targets\msp430\rts430\lib\</path>
         <kind>archive</kind>
         <file>boot.ae430</file>
         <name>pre_init.oe430</name>
      </input_file>
      <input_file id="fl-f">
         <path>C:\ti\grace_3_00_02_64\packages\ti\targets\msp430\rts430\lib\</path>
         <kind>archive</kind>
         <file>boot.ae430</file>
         <name>autoinit.oe430</name>
      </input_file>
      <input_file id="fl-39">
         <path>c:\ti\ccsv6\tools\compiler\ti-cgt-msp430_4.4.2\lib\</path>
         <kind>archive</kind>
         <file>rts430_eabi.lib</file>
         <name>args_main.obj</name>
      </input_file>
      <input_file id="fl-3a">
         <path>c:\ti\ccsv6\tools\compiler\ti-cgt-msp430_4.4.2\lib\</path>
         <kind>archive</kind>
         <file>rts430_eabi.lib</file>
         <name>boot_special.obj</name>
      </input_file>
      <input_file id="fl-3b">
         <path>c:\ti\ccsv6\tools\compiler\ti-cgt-msp430_4.4.2\lib\</path>
         <kind>archive</kind>
         <file>rts430_eabi.lib</file>
         <name>copy_decompress_none.obj</name>
      </input_file>
      <input_file id="fl-3c">
         <path>c:\ti\ccsv6\tools\compiler\ti-cgt-msp430_4.4.2\lib\</path>
         <kind>archive</kind>
         <file>rts430_eabi.lib</file>
         <name>copy_decompress_rle.obj</name>
      </input_file>
      <input_file id="fl-3d">
         <path>c:\ti\ccsv6\tools\compiler\ti-cgt-msp430_4.4.2\lib\</path>
         <kind>archive</kind>
         <file>rts430_eabi.lib</file>
         <name>copy_zero_init.obj</name>
      </input_file>
      <input_file id="fl-3e">
         <path>c:\ti\ccsv6\tools\compiler\ti-cgt-msp430_4.4.2\lib\</path>
         <kind>archive</kind>
         <file>rts430_eabi.lib</file>
         <name>epilog.obj</name>
      </input_file>
      <input_file id="fl-3f">
         <path>c:\ti\ccsv6\tools\compiler\ti-cgt-msp430_4.4.2\lib\</path>
         <kind>archive</kind>
         <file>rts430_eabi.lib</file>
         <name>exit.obj</name>
      </input_file>
      <input_file id="fl-40">
         <path>c:\ti\ccsv6\tools\compiler\ti-cgt-msp430_4.4.2\lib\</path>
         <kind>archive</kind>
         <file>rts430_eabi.lib</file>
         <name>int02.obj</name>
      </input_file>
      <input_file id="fl-41">
         <path>c:\ti\ccsv6\tools\compiler\ti-cgt-msp430_4.4.2\lib\</path>
         <kind>archive</kind>
         <file>rts430_eabi.lib</file>
         <name>int03.obj</name>
      </input_file>
      <input_file id="fl-42">
         <path>c:\ti\ccsv6\tools\compiler\ti-cgt-msp430_4.4.2\lib\</path>
         <kind>archive</kind>
         <file>rts430_eabi.lib</file>
         <name>int08.obj</name>
      </input_file>
      <input_file id="fl-43">
         <path>c:\ti\ccsv6\tools\compiler\ti-cgt-msp430_4.4.2\lib\</path>
         <kind>archive</kind>
         <file>rts430_eabi.lib</file>
         <name>int09.obj</name>
      </input_file>
      <input_file id="fl-44">
         <path>c:\ti\ccsv6\tools\compiler\ti-cgt-msp430_4.4.2\lib\</path>
         <kind>archive</kind>
         <file>rts430_eabi.lib</file>
         <name>int10.obj</name>
      </input_file>
      <input_file id="fl-45">
         <path>c:\ti\ccsv6\tools\compiler\ti-cgt-msp430_4.4.2\lib\</path>
         <kind>archive</kind>
         <file>rts430_eabi.lib</file>
         <name>int11.obj</name>
      </input_file>
      <input_file id="fl-46">
         <path>c:\ti\ccsv6\tools\compiler\ti-cgt-msp430_4.4.2\lib\</path>
         <kind>archive</kind>
         <file>rts430_eabi.lib</file>
         <name>int14.obj</name>
      </input_file>
      <input_file id="fl-47">
         <path>c:\ti\ccsv6\tools\compiler\ti-cgt-msp430_4.4.2\lib\</path>
         <kind>archive</kind>
         <file>rts430_eabi.lib</file>
         <name>isr_trap.obj</name>
      </input_file>
      <input_file id="fl-48">
         <path>c:\ti\ccsv6\tools\compiler\ti-cgt-msp430_4.4.2\lib\</path>
         <kind>archive</kind>
         <file>rts430_eabi.lib</file>
         <name>_lock.obj</name>
      </input_file>
      <input_file id="fl-49">
         <path>c:\ti\ccsv6\tools\compiler\ti-cgt-msp430_4.4.2\lib\</path>
         <kind>archive</kind>
         <file>rts430_eabi.lib</file>
         <name>memcpy.obj</name>
      </input_file>
      <input_file id="fl-4a">
         <path>c:\ti\ccsv6\tools\compiler\ti-cgt-msp430_4.4.2\lib\</path>
         <kind>archive</kind>
         <file>rts430_eabi.lib</file>
         <name>mpu_init.obj</name>
      </input_file>
      <input_file id="fl-4b">
         <path>C:\Users\Ryan\CSS_workspace_v6_0\ShowerMetronone\src\grace\</path>
         <kind>archive</kind>
         <file>grace.lib</file>
         <name>Grace_init.obj</name>
      </input_file>
      <input_file id="fl-4c">
         <path>C:\Users\Ryan\CSS_workspace_v6_0\ShowerMetronone\src\grace\</path>
         <kind>archive</kind>
         <file>grace.lib</file>
         <name>GPIO_init.obj</name>
      </input_file>
      <input_file id="fl-4d">
         <path>C:\Users\Ryan\CSS_workspace_v6_0\ShowerMetronone\src\grace\</path>
         <kind>archive</kind>
         <file>grace.lib</file>
         <name>BCSplus_init.obj</name>
      </input_file>
      <input_file id="fl-4e">
         <path>C:\Users\Ryan\CSS_workspace_v6_0\ShowerMetronone\src\grace\</path>
         <kind>archive</kind>
         <file>grace.lib</file>
         <name>InterruptVectors_init.obj</name>
      </input_file>
      <input_file id="fl-4f">
         <path>C:\Users\Ryan\CSS_workspace_v6_0\ShowerMetronone\src\grace\</path>
         <kind>archive</kind>
         <file>grace.lib</file>
         <name>System_init.obj</name>
      </input_file>
      <input_file id="fl-50">
         <path>C:\Users\Ryan\CSS_workspace_v6_0\ShowerMetronone\src\grace\</path>
         <kind>archive</kind>
         <file>grace.lib</file>
         <name>WDTplus_init.obj</name>
      </input_file>
   </input_file_list>
   <object_component_list>
      <object_component id="oc-83">
         <name>xdc.meta</name>
         <load_address>0x0</load_address>
         <run_address>0x0</run_address>
         <size>0xf0</size>
         <input_file_ref idref="fl-3"/>
      </object_component>
      <object_component id="oc-112">
         <name>.common:_cleanup_ptr</name>
         <uninitialized>true</uninitialized>
         <run_address>0x200</run_address>
         <size>0x2</size>
      </object_component>
      <object_component id="oc-10f">
         <name>.common:_dtors_ptr</name>
         <uninitialized>true</uninitialized>
         <run_address>0x202</run_address>
         <size>0x2</size>
      </object_component>
      <object_component id="oc-86">
         <name>.stack</name>
         <uninitialized>true</uninitialized>
         <run_address>0x240</run_address>
         <size>0x2</size>
         <input_file_ref idref="fl-d"/>
      </object_component>
      <object_component id="oc-239">
         <name>.stack</name>
         <uninitialized>true</uninitialized>
         <run_address>0x240</run_address>
         <size>0x0</size>
      </object_component>
      <object_component id="oc-b6">
         <name>.text:_auto_init</name>
         <load_address>0xf800</load_address>
         <run_address>0xf800</run_address>
         <size>0x6a</size>
         <input_file_ref idref="fl-f"/>
      </object_component>
      <object_component id="oc-97">
         <name>.text:__TI_decompress_rle_core</name>
         <load_address>0xf86a</load_address>
         <run_address>0xf86a</run_address>
         <size>0x64</size>
         <input_file_ref idref="fl-3c"/>
      </object_component>
      <object_component id="oc-175">
         <name>.text:GPIO_graceInit</name>
         <load_address>0xf8ce</load_address>
         <run_address>0xf8ce</run_address>
         <size>0x2a</size>
         <input_file_ref idref="fl-4c"/>
      </object_component>
      <object_component id="oc-c2">
         <name>.text:exit</name>
         <load_address>0xf8f8</load_address>
         <run_address>0xf8f8</run_address>
         <size>0x2a</size>
         <input_file_ref idref="fl-3f"/>
      </object_component>
      <object_component id="oc-17b">
         <name>.text:BCSplus_graceInit</name>
         <load_address>0xf922</load_address>
         <run_address>0xf922</run_address>
         <size>0x28</size>
         <input_file_ref idref="fl-4d"/>
      </object_component>
      <object_component id="oc-47">
         <name>.text:_c_int00</name>
         <load_address>0xf94a</load_address>
         <run_address>0xf94a</run_address>
         <size>0x24</size>
         <input_file_ref idref="fl-d"/>
      </object_component>
      <object_component id="oc-bc">
         <name>.text:_args_main</name>
         <load_address>0xf96e</load_address>
         <run_address>0xf96e</run_address>
         <size>0x22</size>
         <input_file_ref idref="fl-39"/>
      </object_component>
      <object_component id="oc-119">
         <name>.text:Grace_init</name>
         <load_address>0xf990</load_address>
         <run_address>0xf990</run_address>
         <size>0x1c</size>
         <input_file_ref idref="fl-4b"/>
      </object_component>
      <object_component id="oc-187">
         <name>.text:System_graceInit</name>
         <load_address>0xf9ac</load_address>
         <run_address>0xf9ac</run_address>
         <size>0x1c</size>
         <input_file_ref idref="fl-4f"/>
      </object_component>
      <object_component id="oc-d5">
         <name>.text:main</name>
         <load_address>0xf9c8</load_address>
         <run_address>0xf9c8</run_address>
         <size>0x18</size>
         <input_file_ref idref="fl-7"/>
      </object_component>
      <object_component id="oc-41">
         <name>.text:decompress:ZI:__TI_zero_init</name>
         <load_address>0xf9e0</load_address>
         <run_address>0xf9e0</run_address>
         <size>0x14</size>
         <input_file_ref idref="fl-3d"/>
      </object_component>
      <object_component id="oc-2e">
         <name>.text:decompress:none:__TI_decompress_none</name>
         <load_address>0xf9f4</load_address>
         <run_address>0xf9f4</run_address>
         <size>0x12</size>
         <input_file_ref idref="fl-3b"/>
      </object_component>
      <object_component id="oc-8a">
         <name>.text:memcpy</name>
         <load_address>0xfa06</load_address>
         <run_address>0xfa06</run_address>
         <size>0x12</size>
         <input_file_ref idref="fl-49"/>
      </object_component>
      <object_component id="oc-fc">
         <name>.text</name>
         <load_address>0xfa18</load_address>
         <run_address>0xfa18</run_address>
         <size>0x10</size>
         <input_file_ref idref="fl-3e"/>
      </object_component>
      <object_component id="oc-18d">
         <name>.text:WDTplus_graceInit</name>
         <load_address>0xfa28</load_address>
         <run_address>0xfa28</run_address>
         <size>0x8</size>
         <input_file_ref idref="fl-50"/>
      </object_component>
      <object_component id="oc-a4">
         <name>.text:_isr:__TI_ISR_TRAP</name>
         <load_address>0xfa30</load_address>
         <run_address>0xfa30</run_address>
         <size>0x6</size>
         <input_file_ref idref="fl-47"/>
      </object_component>
      <object_component id="oc-34">
         <name>.text:decompress:rle24:__TI_decompress_rle24</name>
         <load_address>0xfa36</load_address>
         <run_address>0xfa36</run_address>
         <size>0x6</size>
         <input_file_ref idref="fl-3c"/>
      </object_component>
      <object_component id="oc-b0">
         <name>.text:_system_pre_init</name>
         <load_address>0xfa3c</load_address>
         <run_address>0xfa3c</run_address>
         <size>0x4</size>
         <input_file_ref idref="fl-e"/>
      </object_component>
      <object_component id="oc-dd">
         <name>.text:abort</name>
         <load_address>0xfa40</load_address>
         <run_address>0xfa40</run_address>
         <size>0x4</size>
         <input_file_ref idref="fl-3f"/>
      </object_component>
      <object_component id="oc-181">
         <name>.text:InterruptVectors_graceInit</name>
         <load_address>0xfa44</load_address>
         <run_address>0xfa44</run_address>
         <size>0x2</size>
         <input_file_ref idref="fl-4e"/>
      </object_component>
      <object_component id="oc-152">
         <name>.text:_nop</name>
         <load_address>0xfa46</load_address>
         <run_address>0xfa46</run_address>
         <size>0x2</size>
         <input_file_ref idref="fl-48"/>
      </object_component>
      <object_component id="oc-238">
         <name>.cinit..data.load</name>
         <load_address>0xfa48</load_address>
         <run_address>0xfa48</run_address>
         <size>0x8</size>
      </object_component>
      <object_component id="oc-235">
         <name>__TI_handler_table</name>
         <load_address>0xfa50</load_address>
         <run_address>0xfa50</run_address>
         <size>0x6</size>
      </object_component>
      <object_component id="oc-237">
         <name>.cinit..bss.load</name>
         <load_address>0xfa56</load_address>
         <run_address>0xfa56</run_address>
         <size>0x4</size>
      </object_component>
      <object_component id="oc-236">
         <name>__TI_cinit_table</name>
         <load_address>0xfa5a</load_address>
         <run_address>0xfa5a</run_address>
         <size>0x8</size>
      </object_component>
      <object_component id="oc-3a">
         <name>.int02</name>
         <load_address>0xffe4</load_address>
         <run_address>0xffe4</run_address>
         <size>0x2</size>
         <input_file_ref idref="fl-40"/>
      </object_component>
      <object_component id="oc-3b">
         <name>.int03</name>
         <load_address>0xffe6</load_address>
         <run_address>0xffe6</run_address>
         <size>0x2</size>
         <input_file_ref idref="fl-41"/>
      </object_component>
      <object_component id="oc-3c">
         <name>.int08</name>
         <load_address>0xfff0</load_address>
         <run_address>0xfff0</run_address>
         <size>0x2</size>
         <input_file_ref idref="fl-42"/>
      </object_component>
      <object_component id="oc-3d">
         <name>.int09</name>
         <load_address>0xfff2</load_address>
         <run_address>0xfff2</run_address>
         <size>0x2</size>
         <input_file_ref idref="fl-43"/>
      </object_component>
      <object_component id="oc-3e">
         <name>.int10</name>
         <load_address>0xfff4</load_address>
         <run_address>0xfff4</run_address>
         <size>0x2</size>
         <input_file_ref idref="fl-44"/>
      </object_component>
      <object_component id="oc-3f">
         <name>.int11</name>
         <load_address>0xfff6</load_address>
         <run_address>0xfff6</run_address>
         <size>0x2</size>
         <input_file_ref idref="fl-45"/>
      </object_component>
      <object_component id="oc-40">
         <name>.int14</name>
         <load_address>0xfffc</load_address>
         <run_address>0xfffc</run_address>
         <size>0x2</size>
         <input_file_ref idref="fl-46"/>
      </object_component>
      <object_component id="oc-89">
         <name>.reset</name>
         <load_address>0xfffe</load_address>
         <run_address>0xfffe</run_address>
         <size>0x2</size>
         <input_file_ref idref="fl-d"/>
      </object_component>
      <object_component id="oc-10c">
         <name>.data:_lock</name>
         <load_address>0x204</load_address>
         <run_address>0x204</run_address>
         <size>0x2</size>
         <input_file_ref idref="fl-48"/>
      </object_component>
      <object_component id="oc-113">
         <name>.data:_unlock</name>
         <load_address>0x206</load_address>
         <run_address>0x206</run_address>
         <size>0x2</size>
         <input_file_ref idref="fl-48"/>
      </object_component>
      <object_component id="oc-eb">
         <name>.debug_info</name>
         <load_address>0x0</load_address>
         <run_address>0x0</run_address>
         <size>0x1ac</size>
         <input_file_ref idref="fl-3"/>
      </object_component>
      <object_component id="oc-84">
         <name>.debug_info</name>
         <load_address>0x1ac</load_address>
         <run_address>0x1ac</run_address>
         <size>0x167</size>
         <input_file_ref idref="fl-3"/>
      </object_component>
      <object_component id="oc-c9">
         <name>.debug_info</name>
         <load_address>0x313</load_address>
         <run_address>0x313</run_address>
         <size>0x84</size>
         <input_file_ref idref="fl-3"/>
      </object_component>
      <object_component id="oc-1c6">
         <name>.debug_info</name>
         <load_address>0x397</load_address>
         <run_address>0x397</run_address>
         <size>0x18b</size>
         <input_file_ref idref="fl-3"/>
      </object_component>
      <object_component id="oc-137">
         <name>.debug_info</name>
         <load_address>0x522</load_address>
         <run_address>0x522</run_address>
         <size>0xd5</size>
         <input_file_ref idref="fl-3"/>
      </object_component>
      <object_component id="oc-d6">
         <name>.debug_info</name>
         <load_address>0x5f7</load_address>
         <run_address>0x5f7</run_address>
         <size>0xff</size>
         <input_file_ref idref="fl-7"/>
      </object_component>
      <object_component id="oc-110">
         <name>.debug_info</name>
         <load_address>0x6f6</load_address>
         <run_address>0x6f6</run_address>
         <size>0x988</size>
         <input_file_ref idref="fl-d"/>
      </object_component>
      <object_component id="oc-87">
         <name>.debug_info</name>
         <load_address>0x107e</load_address>
         <run_address>0x107e</run_address>
         <size>0xd4</size>
         <input_file_ref idref="fl-d"/>
      </object_component>
      <object_component id="oc-48">
         <name>.debug_info</name>
         <load_address>0x1152</load_address>
         <run_address>0x1152</run_address>
         <size>0x19f</size>
         <input_file_ref idref="fl-d"/>
      </object_component>
      <object_component id="oc-1ce">
         <name>.debug_info</name>
         <load_address>0x12f1</load_address>
         <run_address>0x12f1</run_address>
         <size>0x110</size>
         <input_file_ref idref="fl-d"/>
      </object_component>
      <object_component id="oc-167">
         <name>.debug_info</name>
         <load_address>0x1401</load_address>
         <run_address>0x1401</run_address>
         <size>0x2b4</size>
         <input_file_ref idref="fl-d"/>
      </object_component>
      <object_component id="oc-15d">
         <name>.debug_info</name>
         <load_address>0x16b5</load_address>
         <run_address>0x16b5</run_address>
         <size>0x363</size>
         <input_file_ref idref="fl-d"/>
      </object_component>
      <object_component id="oc-1d8">
         <name>.debug_info</name>
         <load_address>0x1a18</load_address>
         <run_address>0x1a18</run_address>
         <size>0x2a1</size>
         <input_file_ref idref="fl-d"/>
      </object_component>
      <object_component id="oc-1f1">
         <name>.debug_info</name>
         <load_address>0x1cb9</load_address>
         <run_address>0x1cb9</run_address>
         <size>0x237</size>
         <input_file_ref idref="fl-d"/>
      </object_component>
      <object_component id="oc-1f6">
         <name>.debug_info</name>
         <load_address>0x1ef0</load_address>
         <run_address>0x1ef0</run_address>
         <size>0x24b</size>
         <input_file_ref idref="fl-d"/>
      </object_component>
      <object_component id="oc-1e2">
         <name>.debug_info</name>
         <load_address>0x213b</load_address>
         <run_address>0x213b</run_address>
         <size>0x16d</size>
         <input_file_ref idref="fl-d"/>
      </object_component>
      <object_component id="oc-16c">
         <name>.debug_info</name>
         <load_address>0x22a8</load_address>
         <run_address>0x22a8</run_address>
         <size>0x561</size>
         <input_file_ref idref="fl-d"/>
      </object_component>
      <object_component id="oc-1e7">
         <name>.debug_info</name>
         <load_address>0x2809</load_address>
         <run_address>0x2809</run_address>
         <size>0x14b</size>
         <input_file_ref idref="fl-d"/>
      </object_component>
      <object_component id="oc-1dd">
         <name>.debug_info</name>
         <load_address>0x2954</load_address>
         <run_address>0x2954</run_address>
         <size>0x12a</size>
         <input_file_ref idref="fl-d"/>
      </object_component>
      <object_component id="oc-146">
         <name>.debug_info</name>
         <load_address>0x2a7e</load_address>
         <run_address>0x2a7e</run_address>
         <size>0x2c</size>
         <input_file_ref idref="fl-d"/>
      </object_component>
      <object_component id="oc-199">
         <name>.debug_info</name>
         <load_address>0x2aaa</load_address>
         <run_address>0x2aaa</run_address>
         <size>0x2c</size>
         <input_file_ref idref="fl-d"/>
      </object_component>
      <object_component id="oc-162">
         <name>.debug_info</name>
         <load_address>0x2ad6</load_address>
         <run_address>0x2ad6</run_address>
         <size>0xb8c</size>
         <input_file_ref idref="fl-d"/>
      </object_component>
      <object_component id="oc-1ec">
         <name>.debug_info</name>
         <load_address>0x3662</load_address>
         <run_address>0x3662</run_address>
         <size>0x9f</size>
         <input_file_ref idref="fl-d"/>
      </object_component>
      <object_component id="oc-1d3">
         <name>.debug_info</name>
         <load_address>0x3701</load_address>
         <run_address>0x3701</run_address>
         <size>0x69</size>
         <input_file_ref idref="fl-d"/>
      </object_component>
      <object_component id="oc-b2">
         <name>.debug_info</name>
         <load_address>0x376a</load_address>
         <run_address>0x376a</run_address>
         <size>0x11c</size>
         <input_file_ref idref="fl-e"/>
      </object_component>
      <object_component id="oc-109">
         <name>.debug_info</name>
         <load_address>0x3886</load_address>
         <run_address>0x3886</run_address>
         <size>0x8ef</size>
         <input_file_ref idref="fl-f"/>
      </object_component>
      <object_component id="oc-b9">
         <name>.debug_info</name>
         <load_address>0x4175</load_address>
         <run_address>0x4175</run_address>
         <size>0x196</size>
         <input_file_ref idref="fl-f"/>
      </object_component>
      <object_component id="oc-132">
         <name>.debug_info</name>
         <load_address>0x430b</load_address>
         <run_address>0x430b</run_address>
         <size>0x2b4</size>
         <input_file_ref idref="fl-f"/>
      </object_component>
      <object_component id="oc-128">
         <name>.debug_info</name>
         <load_address>0x45bf</load_address>
         <run_address>0x45bf</run_address>
         <size>0x363</size>
         <input_file_ref idref="fl-f"/>
      </object_component>
      <object_component id="oc-1a3">
         <name>.debug_info</name>
         <load_address>0x4922</load_address>
         <run_address>0x4922</run_address>
         <size>0x2a1</size>
         <input_file_ref idref="fl-f"/>
      </object_component>
      <object_component id="oc-1bc">
         <name>.debug_info</name>
         <load_address>0x4bc3</load_address>
         <run_address>0x4bc3</run_address>
         <size>0x237</size>
         <input_file_ref idref="fl-f"/>
      </object_component>
      <object_component id="oc-1c1">
         <name>.debug_info</name>
         <load_address>0x4dfa</load_address>
         <run_address>0x4dfa</run_address>
         <size>0x24b</size>
         <input_file_ref idref="fl-f"/>
      </object_component>
      <object_component id="oc-1ad">
         <name>.debug_info</name>
         <load_address>0x5045</load_address>
         <run_address>0x5045</run_address>
         <size>0x16d</size>
         <input_file_ref idref="fl-f"/>
      </object_component>
      <object_component id="oc-141">
         <name>.debug_info</name>
         <load_address>0x51b2</load_address>
         <run_address>0x51b2</run_address>
         <size>0x561</size>
         <input_file_ref idref="fl-f"/>
      </object_component>
      <object_component id="oc-1b2">
         <name>.debug_info</name>
         <load_address>0x5713</load_address>
         <run_address>0x5713</run_address>
         <size>0x14b</size>
         <input_file_ref idref="fl-f"/>
      </object_component>
      <object_component id="oc-1a8">
         <name>.debug_info</name>
         <load_address>0x585e</load_address>
         <run_address>0x585e</run_address>
         <size>0x12a</size>
         <input_file_ref idref="fl-f"/>
      </object_component>
      <object_component id="oc-13c">
         <name>.debug_info</name>
         <load_address>0x5988</load_address>
         <run_address>0x5988</run_address>
         <size>0x39</size>
         <input_file_ref idref="fl-f"/>
      </object_component>
      <object_component id="oc-194">
         <name>.debug_info</name>
         <load_address>0x59c1</load_address>
         <run_address>0x59c1</run_address>
         <size>0x2c</size>
         <input_file_ref idref="fl-f"/>
      </object_component>
      <object_component id="oc-12d">
         <name>.debug_info</name>
         <load_address>0x59ed</load_address>
         <run_address>0x59ed</run_address>
         <size>0xb8c</size>
         <input_file_ref idref="fl-f"/>
      </object_component>
      <object_component id="oc-1b7">
         <name>.debug_info</name>
         <load_address>0x6579</load_address>
         <run_address>0x6579</run_address>
         <size>0x9f</size>
         <input_file_ref idref="fl-f"/>
      </object_component>
      <object_component id="oc-19e">
         <name>.debug_info</name>
         <load_address>0x6618</load_address>
         <run_address>0x6618</run_address>
         <size>0x69</size>
         <input_file_ref idref="fl-f"/>
      </object_component>
      <object_component id="oc-10b">
         <name>.debug_info</name>
         <load_address>0x6681</load_address>
         <run_address>0x6681</run_address>
         <size>0x1bb</size>
         <input_file_ref idref="fl-39"/>
      </object_component>
      <object_component id="oc-be">
         <name>.debug_info</name>
         <load_address>0x683c</load_address>
         <run_address>0x683c</run_address>
         <size>0x14a</size>
         <input_file_ref idref="fl-39"/>
      </object_component>
      <object_component id="oc-14d">
         <name>.debug_info</name>
         <load_address>0x6986</load_address>
         <run_address>0x6986</run_address>
         <size>0x5e</size>
         <input_file_ref idref="fl-39"/>
      </object_component>
      <object_component id="oc-96">
         <name>.debug_info</name>
         <load_address>0x69e4</load_address>
         <run_address>0x69e4</run_address>
         <size>0x195</size>
         <input_file_ref idref="fl-3b"/>
      </object_component>
      <object_component id="oc-32">
         <name>.debug_info</name>
         <load_address>0x6b79</load_address>
         <run_address>0x6b79</run_address>
         <size>0x1c2</size>
         <input_file_ref idref="fl-3b"/>
      </object_component>
      <object_component id="oc-91">
         <name>.debug_info</name>
         <load_address>0x6d3b</load_address>
         <run_address>0x6d3b</run_address>
         <size>0x46</size>
         <input_file_ref idref="fl-3b"/>
      </object_component>
      <object_component id="oc-f5">
         <name>.debug_info</name>
         <load_address>0x6d81</load_address>
         <run_address>0x6d81</run_address>
         <size>0x2c</size>
         <input_file_ref idref="fl-3b"/>
      </object_component>
      <object_component id="oc-9e">
         <name>.debug_info</name>
         <load_address>0x6dad</load_address>
         <run_address>0x6dad</run_address>
         <size>0x157</size>
         <input_file_ref idref="fl-3c"/>
      </object_component>
      <object_component id="oc-99">
         <name>.debug_info</name>
         <load_address>0x6f04</load_address>
         <run_address>0x6f04</run_address>
         <size>0x21d</size>
         <input_file_ref idref="fl-3c"/>
      </object_component>
      <object_component id="oc-38">
         <name>.debug_info</name>
         <load_address>0x7121</load_address>
         <run_address>0x7121</run_address>
         <size>0x1bc</size>
         <input_file_ref idref="fl-3c"/>
      </object_component>
      <object_component id="oc-9f">
         <name>.debug_info</name>
         <load_address>0x72dd</load_address>
         <run_address>0x72dd</run_address>
         <size>0x39</size>
         <input_file_ref idref="fl-3c"/>
      </object_component>
      <object_component id="oc-af">
         <name>.debug_info</name>
         <load_address>0x7316</load_address>
         <run_address>0x7316</run_address>
         <size>0x14d</size>
         <input_file_ref idref="fl-3d"/>
      </object_component>
      <object_component id="oc-45">
         <name>.debug_info</name>
         <load_address>0x7463</load_address>
         <run_address>0x7463</run_address>
         <size>0x198</size>
         <input_file_ref idref="fl-3d"/>
      </object_component>
      <object_component id="oc-aa">
         <name>.debug_info</name>
         <load_address>0x75fb</load_address>
         <run_address>0x75fb</run_address>
         <size>0x46</size>
         <input_file_ref idref="fl-3d"/>
      </object_component>
      <object_component id="oc-f0">
         <name>.debug_info</name>
         <load_address>0x7641</load_address>
         <run_address>0x7641</run_address>
         <size>0x2c</size>
         <input_file_ref idref="fl-3d"/>
      </object_component>
      <object_component id="oc-fd">
         <name>.debug_info</name>
         <load_address>0x766d</load_address>
         <run_address>0x766d</run_address>
         <size>0x10f</size>
         <input_file_ref idref="fl-3e"/>
      </object_component>
      <object_component id="oc-117">
         <name>.debug_info</name>
         <load_address>0x777c</load_address>
         <run_address>0x777c</run_address>
         <size>0x1d8</size>
         <input_file_ref idref="fl-3f"/>
      </object_component>
      <object_component id="oc-e0">
         <name>.debug_info</name>
         <load_address>0x7954</load_address>
         <run_address>0x7954</run_address>
         <size>0xfa</size>
         <input_file_ref idref="fl-3f"/>
      </object_component>
      <object_component id="oc-c3">
         <name>.debug_info</name>
         <load_address>0x7a4e</load_address>
         <run_address>0x7a4e</run_address>
         <size>0x155</size>
         <input_file_ref idref="fl-3f"/>
      </object_component>
      <object_component id="oc-a7">
         <name>.debug_info</name>
         <load_address>0x7ba3</load_address>
         <run_address>0x7ba3</run_address>
         <size>0xf0</size>
         <input_file_ref idref="fl-47"/>
      </object_component>
      <object_component id="oc-15a">
         <name>.debug_info</name>
         <load_address>0x7c93</load_address>
         <run_address>0x7c93</run_address>
         <size>0x13b</size>
         <input_file_ref idref="fl-48"/>
      </object_component>
      <object_component id="oc-10d">
         <name>.debug_info</name>
         <load_address>0x7dce</load_address>
         <run_address>0x7dce</run_address>
         <size>0xd7</size>
         <input_file_ref idref="fl-48"/>
      </object_component>
      <object_component id="oc-114">
         <name>.debug_info</name>
         <load_address>0x7ea5</load_address>
         <run_address>0x7ea5</run_address>
         <size>0xdb</size>
         <input_file_ref idref="fl-48"/>
      </object_component>
      <object_component id="oc-153">
         <name>.debug_info</name>
         <load_address>0x7f80</load_address>
         <run_address>0x7f80</run_address>
         <size>0x106</size>
         <input_file_ref idref="fl-48"/>
      </object_component>
      <object_component id="oc-ef">
         <name>.debug_info</name>
         <load_address>0x8086</load_address>
         <run_address>0x8086</run_address>
         <size>0x155</size>
         <input_file_ref idref="fl-49"/>
      </object_component>
      <object_component id="oc-8b">
         <name>.debug_info</name>
         <load_address>0x81db</load_address>
         <run_address>0x81db</run_address>
         <size>0x185</size>
         <input_file_ref idref="fl-49"/>
      </object_component>
      <object_component id="oc-11d">
         <name>.debug_info</name>
         <load_address>0x8360</load_address>
         <run_address>0x8360</run_address>
         <size>0x186</size>
         <input_file_ref idref="fl-4b"/>
      </object_component>
      <object_component id="oc-179">
         <name>.debug_info</name>
         <load_address>0x84e6</load_address>
         <run_address>0x84e6</run_address>
         <size>0x10e</size>
         <input_file_ref idref="fl-4c"/>
      </object_component>
      <object_component id="oc-17e">
         <name>.debug_info</name>
         <load_address>0x85f4</load_address>
         <run_address>0x85f4</run_address>
         <size>0x11d</size>
         <input_file_ref idref="fl-4d"/>
      </object_component>
      <object_component id="oc-182">
         <name>.debug_info</name>
         <load_address>0x8711</load_address>
         <run_address>0x8711</run_address>
         <size>0x14a</size>
         <input_file_ref idref="fl-4e"/>
      </object_component>
      <object_component id="oc-189">
         <name>.debug_info</name>
         <load_address>0x885b</load_address>
         <run_address>0x885b</run_address>
         <size>0x118</size>
         <input_file_ref idref="fl-4f"/>
      </object_component>
      <object_component id="oc-191">
         <name>.debug_info</name>
         <load_address>0x8973</load_address>
         <run_address>0x8973</run_address>
         <size>0x11d</size>
         <input_file_ref idref="fl-50"/>
      </object_component>
      <object_component id="oc-23a">
         <name>.debug_info</name>
         <load_address>0x8a90</load_address>
         <run_address>0x8a90</run_address>
         <size>0xa4</size>
      </object_component>
      <object_component id="oc-122">
         <name>.debug_line</name>
         <load_address>0x0</load_address>
         <run_address>0x0</run_address>
         <size>0x20</size>
         <input_file_ref idref="fl-3"/>
      </object_component>
      <object_component id="oc-ea">
         <name>.debug_line</name>
         <load_address>0x20</load_address>
         <run_address>0x20</run_address>
         <size>0x3c</size>
         <input_file_ref idref="fl-3"/>
      </object_component>
      <object_component id="oc-cc">
         <name>.debug_line</name>
         <load_address>0x5c</load_address>
         <run_address>0x5c</run_address>
         <size>0x20</size>
         <input_file_ref idref="fl-3"/>
      </object_component>
      <object_component id="oc-1c9">
         <name>.debug_line</name>
         <load_address>0x7c</load_address>
         <run_address>0x7c</run_address>
         <size>0x63</size>
         <input_file_ref idref="fl-3"/>
      </object_component>
      <object_component id="oc-13a">
         <name>.debug_line</name>
         <load_address>0xdf</load_address>
         <run_address>0xdf</run_address>
         <size>0x54</size>
         <input_file_ref idref="fl-3"/>
      </object_component>
      <object_component id="oc-da">
         <name>.debug_line</name>
         <load_address>0x133</load_address>
         <run_address>0x133</run_address>
         <size>0x49</size>
         <input_file_ref idref="fl-7"/>
      </object_component>
      <object_component id="oc-15c">
         <name>.debug_line</name>
         <load_address>0x17c</load_address>
         <run_address>0x17c</run_address>
         <size>0x9e</size>
         <input_file_ref idref="fl-d"/>
      </object_component>
      <object_component id="oc-ed">
         <name>.debug_line</name>
         <load_address>0x21a</load_address>
         <run_address>0x21a</run_address>
         <size>0x2e</size>
         <input_file_ref idref="fl-d"/>
      </object_component>
      <object_component id="oc-4b">
         <name>.debug_line</name>
         <load_address>0x248</load_address>
         <run_address>0x248</run_address>
         <size>0x4e</size>
         <input_file_ref idref="fl-d"/>
      </object_component>
      <object_component id="oc-1d1">
         <name>.debug_line</name>
         <load_address>0x296</load_address>
         <run_address>0x296</run_address>
         <size>0x6c</size>
         <input_file_ref idref="fl-d"/>
      </object_component>
      <object_component id="oc-16a">
         <name>.debug_line</name>
         <load_address>0x302</load_address>
         <run_address>0x302</run_address>
         <size>0x90</size>
         <input_file_ref idref="fl-d"/>
      </object_component>
      <object_component id="oc-160">
         <name>.debug_line</name>
         <load_address>0x392</load_address>
         <run_address>0x392</run_address>
         <size>0x84</size>
         <input_file_ref idref="fl-d"/>
      </object_component>
      <object_component id="oc-1db">
         <name>.debug_line</name>
         <load_address>0x416</load_address>
         <run_address>0x416</run_address>
         <size>0x8e</size>
         <input_file_ref idref="fl-d"/>
      </object_component>
      <object_component id="oc-1f4">
         <name>.debug_line</name>
         <load_address>0x4a4</load_address>
         <run_address>0x4a4</run_address>
         <size>0xa6</size>
         <input_file_ref idref="fl-d"/>
      </object_component>
      <object_component id="oc-1f9">
         <name>.debug_line</name>
         <load_address>0x54a</load_address>
         <run_address>0x54a</run_address>
         <size>0xa1</size>
         <input_file_ref idref="fl-d"/>
      </object_component>
      <object_component id="oc-1e5">
         <name>.debug_line</name>
         <load_address>0x5eb</load_address>
         <run_address>0x5eb</run_address>
         <size>0x8f</size>
         <input_file_ref idref="fl-d"/>
      </object_component>
      <object_component id="oc-16f">
         <name>.debug_line</name>
         <load_address>0x67a</load_address>
         <run_address>0x67a</run_address>
         <size>0x8e</size>
         <input_file_ref idref="fl-d"/>
      </object_component>
      <object_component id="oc-1ea">
         <name>.debug_line</name>
         <load_address>0x708</load_address>
         <run_address>0x708</run_address>
         <size>0x8e</size>
         <input_file_ref idref="fl-d"/>
      </object_component>
      <object_component id="oc-1e0">
         <name>.debug_line</name>
         <load_address>0x796</load_address>
         <run_address>0x796</run_address>
         <size>0x96</size>
         <input_file_ref idref="fl-d"/>
      </object_component>
      <object_component id="oc-149">
         <name>.debug_line</name>
         <load_address>0x82c</load_address>
         <run_address>0x82c</run_address>
         <size>0x98</size>
         <input_file_ref idref="fl-d"/>
      </object_component>
      <object_component id="oc-19c">
         <name>.debug_line</name>
         <load_address>0x8c4</load_address>
         <run_address>0x8c4</run_address>
         <size>0x6c</size>
         <input_file_ref idref="fl-d"/>
      </object_component>
      <object_component id="oc-165">
         <name>.debug_line</name>
         <load_address>0x930</load_address>
         <run_address>0x930</run_address>
         <size>0x9d</size>
         <input_file_ref idref="fl-d"/>
      </object_component>
      <object_component id="oc-1ef">
         <name>.debug_line</name>
         <load_address>0x9cd</load_address>
         <run_address>0x9cd</run_address>
         <size>0x92</size>
         <input_file_ref idref="fl-d"/>
      </object_component>
      <object_component id="oc-1d6">
         <name>.debug_line</name>
         <load_address>0xa5f</load_address>
         <run_address>0xa5f</run_address>
         <size>0x90</size>
         <input_file_ref idref="fl-d"/>
      </object_component>
      <object_component id="oc-b4">
         <name>.debug_line</name>
         <load_address>0xaef</load_address>
         <run_address>0xaef</run_address>
         <size>0x3e</size>
         <input_file_ref idref="fl-e"/>
      </object_component>
      <object_component id="oc-127">
         <name>.debug_line</name>
         <load_address>0xb2d</load_address>
         <run_address>0xb2d</run_address>
         <size>0xa2</size>
         <input_file_ref idref="fl-f"/>
      </object_component>
      <object_component id="oc-b8">
         <name>.debug_line</name>
         <load_address>0xbcf</load_address>
         <run_address>0xbcf</run_address>
         <size>0x75</size>
         <input_file_ref idref="fl-f"/>
      </object_component>
      <object_component id="oc-135">
         <name>.debug_line</name>
         <load_address>0xc44</load_address>
         <run_address>0xc44</run_address>
         <size>0x90</size>
         <input_file_ref idref="fl-f"/>
      </object_component>
      <object_component id="oc-12b">
         <name>.debug_line</name>
         <load_address>0xcd4</load_address>
         <run_address>0xcd4</run_address>
         <size>0x84</size>
         <input_file_ref idref="fl-f"/>
      </object_component>
      <object_component id="oc-1a6">
         <name>.debug_line</name>
         <load_address>0xd58</load_address>
         <run_address>0xd58</run_address>
         <size>0x8e</size>
         <input_file_ref idref="fl-f"/>
      </object_component>
      <object_component id="oc-1bf">
         <name>.debug_line</name>
         <load_address>0xde6</load_address>
         <run_address>0xde6</run_address>
         <size>0xa6</size>
         <input_file_ref idref="fl-f"/>
      </object_component>
      <object_component id="oc-1c4">
         <name>.debug_line</name>
         <load_address>0xe8c</load_address>
         <run_address>0xe8c</run_address>
         <size>0xa1</size>
         <input_file_ref idref="fl-f"/>
      </object_component>
      <object_component id="oc-1b0">
         <name>.debug_line</name>
         <load_address>0xf2d</load_address>
         <run_address>0xf2d</run_address>
         <size>0x8f</size>
         <input_file_ref idref="fl-f"/>
      </object_component>
      <object_component id="oc-144">
         <name>.debug_line</name>
         <load_address>0xfbc</load_address>
         <run_address>0xfbc</run_address>
         <size>0x8e</size>
         <input_file_ref idref="fl-f"/>
      </object_component>
      <object_component id="oc-1b5">
         <name>.debug_line</name>
         <load_address>0x104a</load_address>
         <run_address>0x104a</run_address>
         <size>0x8e</size>
         <input_file_ref idref="fl-f"/>
      </object_component>
      <object_component id="oc-1ab">
         <name>.debug_line</name>
         <load_address>0x10d8</load_address>
         <run_address>0x10d8</run_address>
         <size>0x96</size>
         <input_file_ref idref="fl-f"/>
      </object_component>
      <object_component id="oc-13f">
         <name>.debug_line</name>
         <load_address>0x116e</load_address>
         <run_address>0x116e</run_address>
         <size>0x32</size>
         <input_file_ref idref="fl-f"/>
      </object_component>
      <object_component id="oc-197">
         <name>.debug_line</name>
         <load_address>0x11a0</load_address>
         <run_address>0x11a0</run_address>
         <size>0x6c</size>
         <input_file_ref idref="fl-f"/>
      </object_component>
      <object_component id="oc-130">
         <name>.debug_line</name>
         <load_address>0x120c</load_address>
         <run_address>0x120c</run_address>
         <size>0x9d</size>
         <input_file_ref idref="fl-f"/>
      </object_component>
      <object_component id="oc-1ba">
         <name>.debug_line</name>
         <load_address>0x12a9</load_address>
         <run_address>0x12a9</run_address>
         <size>0x92</size>
         <input_file_ref idref="fl-f"/>
      </object_component>
      <object_component id="oc-1a1">
         <name>.debug_line</name>
         <load_address>0x133b</load_address>
         <run_address>0x133b</run_address>
         <size>0x90</size>
         <input_file_ref idref="fl-f"/>
      </object_component>
      <object_component id="oc-14c">
         <name>.debug_line</name>
         <load_address>0x13cb</load_address>
         <run_address>0x13cb</run_address>
         <size>0x2b</size>
         <input_file_ref idref="fl-39"/>
      </object_component>
      <object_component id="oc-bd">
         <name>.debug_line</name>
         <load_address>0x13f6</load_address>
         <run_address>0x13f6</run_address>
         <size>0x51</size>
         <input_file_ref idref="fl-39"/>
      </object_component>
      <object_component id="oc-150">
         <name>.debug_line</name>
         <load_address>0x1447</load_address>
         <run_address>0x1447</run_address>
         <size>0x2b</size>
         <input_file_ref idref="fl-39"/>
      </object_component>
      <object_component id="oc-fb">
         <name>.debug_line</name>
         <load_address>0x1472</load_address>
         <run_address>0x1472</run_address>
         <size>0x72</size>
         <input_file_ref idref="fl-3b"/>
      </object_component>
      <object_component id="oc-2f">
         <name>.debug_line</name>
         <load_address>0x14e4</load_address>
         <run_address>0x14e4</run_address>
         <size>0x50</size>
         <input_file_ref idref="fl-3b"/>
      </object_component>
      <object_component id="oc-94">
         <name>.debug_line</name>
         <load_address>0x1534</load_address>
         <run_address>0x1534</run_address>
         <size>0x3a</size>
         <input_file_ref idref="fl-3b"/>
      </object_component>
      <object_component id="oc-f8">
         <name>.debug_line</name>
         <load_address>0x156e</load_address>
         <run_address>0x156e</run_address>
         <size>0x72</size>
         <input_file_ref idref="fl-3b"/>
      </object_component>
      <object_component id="oc-103">
         <name>.debug_line</name>
         <load_address>0x15e0</load_address>
         <run_address>0x15e0</run_address>
         <size>0x20</size>
         <input_file_ref idref="fl-3c"/>
      </object_component>
      <object_component id="oc-9b">
         <name>.debug_line</name>
         <load_address>0x1600</load_address>
         <run_address>0x1600</run_address>
         <size>0x87</size>
         <input_file_ref idref="fl-3c"/>
      </object_component>
      <object_component id="oc-37">
         <name>.debug_line</name>
         <load_address>0x1687</load_address>
         <run_address>0x1687</run_address>
         <size>0x49</size>
         <input_file_ref idref="fl-3c"/>
      </object_component>
      <object_component id="oc-a2">
         <name>.debug_line</name>
         <load_address>0x16d0</load_address>
         <run_address>0x16d0</run_address>
         <size>0x39</size>
         <input_file_ref idref="fl-3c"/>
      </object_component>
      <object_component id="oc-106">
         <name>.debug_line</name>
         <load_address>0x1709</load_address>
         <run_address>0x1709</run_address>
         <size>0x20</size>
         <input_file_ref idref="fl-3d"/>
      </object_component>
      <object_component id="oc-42">
         <name>.debug_line</name>
         <load_address>0x1729</load_address>
         <run_address>0x1729</run_address>
         <size>0x4d</size>
         <input_file_ref idref="fl-3d"/>
      </object_component>
      <object_component id="oc-ad">
         <name>.debug_line</name>
         <load_address>0x1776</load_address>
         <run_address>0x1776</run_address>
         <size>0x34</size>
         <input_file_ref idref="fl-3d"/>
      </object_component>
      <object_component id="oc-f3">
         <name>.debug_line</name>
         <load_address>0x17aa</load_address>
         <run_address>0x17aa</run_address>
         <size>0x72</size>
         <input_file_ref idref="fl-3d"/>
      </object_component>
      <object_component id="oc-100">
         <name>.debug_line</name>
         <load_address>0x181c</load_address>
         <run_address>0x181c</run_address>
         <size>0x40</size>
         <input_file_ref idref="fl-3e"/>
      </object_component>
      <object_component id="oc-174">
         <name>.debug_line</name>
         <load_address>0x185c</load_address>
         <run_address>0x185c</run_address>
         <size>0x7b</size>
         <input_file_ref idref="fl-3f"/>
      </object_component>
      <object_component id="oc-df">
         <name>.debug_line</name>
         <load_address>0x18d7</load_address>
         <run_address>0x18d7</run_address>
         <size>0x3a</size>
         <input_file_ref idref="fl-3f"/>
      </object_component>
      <object_component id="oc-c6">
         <name>.debug_line</name>
         <load_address>0x1911</load_address>
         <run_address>0x1911</run_address>
         <size>0x4a</size>
         <input_file_ref idref="fl-3f"/>
      </object_component>
      <object_component id="oc-a5">
         <name>.debug_line</name>
         <load_address>0x195b</load_address>
         <run_address>0x195b</run_address>
         <size>0x3c</size>
         <input_file_ref idref="fl-47"/>
      </object_component>
      <object_component id="oc-1cd">
         <name>.debug_line</name>
         <load_address>0x1997</load_address>
         <run_address>0x1997</run_address>
         <size>0x20</size>
         <input_file_ref idref="fl-48"/>
      </object_component>
      <object_component id="oc-159">
         <name>.debug_line</name>
         <load_address>0x19b7</load_address>
         <run_address>0x19b7</run_address>
         <size>0x2b</size>
         <input_file_ref idref="fl-48"/>
      </object_component>
      <object_component id="oc-172">
         <name>.debug_line</name>
         <load_address>0x19e2</load_address>
         <run_address>0x19e2</run_address>
         <size>0x2b</size>
         <input_file_ref idref="fl-48"/>
      </object_component>
      <object_component id="oc-156">
         <name>.debug_line</name>
         <load_address>0x1a0d</load_address>
         <run_address>0x1a0d</run_address>
         <size>0x38</size>
         <input_file_ref idref="fl-48"/>
      </object_component>
      <object_component id="oc-124">
         <name>.debug_line</name>
         <load_address>0x1a45</load_address>
         <run_address>0x1a45</run_address>
         <size>0x20</size>
         <input_file_ref idref="fl-49"/>
      </object_component>
      <object_component id="oc-8f">
         <name>.debug_line</name>
         <load_address>0x1a65</load_address>
         <run_address>0x1a65</run_address>
         <size>0x45</size>
         <input_file_ref idref="fl-49"/>
      </object_component>
      <object_component id="oc-11b">
         <name>.debug_line</name>
         <load_address>0x1aaa</load_address>
         <run_address>0x1aaa</run_address>
         <size>0x48</size>
         <input_file_ref idref="fl-4b"/>
      </object_component>
      <object_component id="oc-178">
         <name>.debug_line</name>
         <load_address>0x1af2</load_address>
         <run_address>0x1af2</run_address>
         <size>0x4a</size>
         <input_file_ref idref="fl-4c"/>
      </object_component>
      <object_component id="oc-17d">
         <name>.debug_line</name>
         <load_address>0x1b3c</load_address>
         <run_address>0x1b3c</run_address>
         <size>0x4f</size>
         <input_file_ref idref="fl-4d"/>
      </object_component>
      <object_component id="oc-185">
         <name>.debug_line</name>
         <load_address>0x1b8b</load_address>
         <run_address>0x1b8b</run_address>
         <size>0x49</size>
         <input_file_ref idref="fl-4e"/>
      </object_component>
      <object_component id="oc-188">
         <name>.debug_line</name>
         <load_address>0x1bd4</load_address>
         <run_address>0x1bd4</run_address>
         <size>0x4b</size>
         <input_file_ref idref="fl-4f"/>
      </object_component>
      <object_component id="oc-190">
         <name>.debug_line</name>
         <load_address>0x1c1f</load_address>
         <run_address>0x1c1f</run_address>
         <size>0x45</size>
         <input_file_ref idref="fl-50"/>
      </object_component>
      <object_component id="oc-121">
         <name>.debug_abbrev</name>
         <load_address>0x0</load_address>
         <run_address>0x0</run_address>
         <size>0x54</size>
         <input_file_ref idref="fl-3"/>
      </object_component>
      <object_component id="oc-e9">
         <name>.debug_abbrev</name>
         <load_address>0x54</load_address>
         <run_address>0x54</run_address>
         <size>0x29</size>
         <input_file_ref idref="fl-3"/>
      </object_component>
      <object_component id="oc-cb">
         <name>.debug_abbrev</name>
         <load_address>0x7d</load_address>
         <run_address>0x7d</run_address>
         <size>0x1f</size>
         <input_file_ref idref="fl-3"/>
      </object_component>
      <object_component id="oc-1c8">
         <name>.debug_abbrev</name>
         <load_address>0x9c</load_address>
         <run_address>0x9c</run_address>
         <size>0x35</size>
         <input_file_ref idref="fl-3"/>
      </object_component>
      <object_component id="oc-139">
         <name>.debug_abbrev</name>
         <load_address>0xd1</load_address>
         <run_address>0xd1</run_address>
         <size>0x24</size>
         <input_file_ref idref="fl-3"/>
      </object_component>
      <object_component id="oc-11f">
         <name>.debug_abbrev</name>
         <load_address>0xf5</load_address>
         <run_address>0xf5</run_address>
         <size>0x54</size>
         <input_file_ref idref="fl-7"/>
      </object_component>
      <object_component id="oc-15b">
         <name>.debug_abbrev</name>
         <load_address>0x149</load_address>
         <run_address>0x149</run_address>
         <size>0x151</size>
         <input_file_ref idref="fl-d"/>
      </object_component>
      <object_component id="oc-ec">
         <name>.debug_abbrev</name>
         <load_address>0x29a</load_address>
         <run_address>0x29a</run_address>
         <size>0x29</size>
         <input_file_ref idref="fl-d"/>
      </object_component>
      <object_component id="oc-c8">
         <name>.debug_abbrev</name>
         <load_address>0x2c3</load_address>
         <run_address>0x2c3</run_address>
         <size>0x63</size>
         <input_file_ref idref="fl-d"/>
      </object_component>
      <object_component id="oc-1d0">
         <name>.debug_abbrev</name>
         <load_address>0x326</load_address>
         <run_address>0x326</run_address>
         <size>0x5a</size>
         <input_file_ref idref="fl-d"/>
      </object_component>
      <object_component id="oc-169">
         <name>.debug_abbrev</name>
         <load_address>0x380</load_address>
         <run_address>0x380</run_address>
         <size>0x6b</size>
         <input_file_ref idref="fl-d"/>
      </object_component>
      <object_component id="oc-15f">
         <name>.debug_abbrev</name>
         <load_address>0x3eb</load_address>
         <run_address>0x3eb</run_address>
         <size>0x81</size>
         <input_file_ref idref="fl-d"/>
      </object_component>
      <object_component id="oc-1da">
         <name>.debug_abbrev</name>
         <load_address>0x46c</load_address>
         <run_address>0x46c</run_address>
         <size>0x92</size>
         <input_file_ref idref="fl-d"/>
      </object_component>
      <object_component id="oc-1f3">
         <name>.debug_abbrev</name>
         <load_address>0x4fe</load_address>
         <run_address>0x4fe</run_address>
         <size>0x4b</size>
         <input_file_ref idref="fl-d"/>
      </object_component>
      <object_component id="oc-1f8">
         <name>.debug_abbrev</name>
         <load_address>0x549</load_address>
         <run_address>0x549</run_address>
         <size>0x4b</size>
         <input_file_ref idref="fl-d"/>
      </object_component>
      <object_component id="oc-1e4">
         <name>.debug_abbrev</name>
         <load_address>0x594</load_address>
         <run_address>0x594</run_address>
         <size>0x4b</size>
         <input_file_ref idref="fl-d"/>
      </object_component>
      <object_component id="oc-16e">
         <name>.debug_abbrev</name>
         <load_address>0x5df</load_address>
         <run_address>0x5df</run_address>
         <size>0xb4</size>
         <input_file_ref idref="fl-d"/>
      </object_component>
      <object_component id="oc-1e9">
         <name>.debug_abbrev</name>
         <load_address>0x693</load_address>
         <run_address>0x693</run_address>
         <size>0x4b</size>
         <input_file_ref idref="fl-d"/>
      </object_component>
      <object_component id="oc-1df">
         <name>.debug_abbrev</name>
         <load_address>0x6de</load_address>
         <run_address>0x6de</run_address>
         <size>0x4b</size>
         <input_file_ref idref="fl-d"/>
      </object_component>
      <object_component id="oc-148">
         <name>.debug_abbrev</name>
         <load_address>0x729</load_address>
         <run_address>0x729</run_address>
         <size>0x24</size>
         <input_file_ref idref="fl-d"/>
      </object_component>
      <object_component id="oc-19b">
         <name>.debug_abbrev</name>
         <load_address>0x74d</load_address>
         <run_address>0x74d</run_address>
         <size>0x24</size>
         <input_file_ref idref="fl-d"/>
      </object_component>
      <object_component id="oc-164">
         <name>.debug_abbrev</name>
         <load_address>0x771</load_address>
         <run_address>0x771</run_address>
         <size>0xc3</size>
         <input_file_ref idref="fl-d"/>
      </object_component>
      <object_component id="oc-1ee">
         <name>.debug_abbrev</name>
         <load_address>0x834</load_address>
         <run_address>0x834</run_address>
         <size>0x3a</size>
         <input_file_ref idref="fl-d"/>
      </object_component>
      <object_component id="oc-1d5">
         <name>.debug_abbrev</name>
         <load_address>0x86e</load_address>
         <run_address>0x86e</run_address>
         <size>0x3a</size>
         <input_file_ref idref="fl-d"/>
      </object_component>
      <object_component id="oc-107">
         <name>.debug_abbrev</name>
         <load_address>0x8a8</load_address>
         <run_address>0x8a8</run_address>
         <size>0x52</size>
         <input_file_ref idref="fl-e"/>
      </object_component>
      <object_component id="oc-126">
         <name>.debug_abbrev</name>
         <load_address>0x8fa</load_address>
         <run_address>0x8fa</run_address>
         <size>0xe6</size>
         <input_file_ref idref="fl-f"/>
      </object_component>
      <object_component id="oc-108">
         <name>.debug_abbrev</name>
         <load_address>0x9e0</load_address>
         <run_address>0x9e0</run_address>
         <size>0x6f</size>
         <input_file_ref idref="fl-f"/>
      </object_component>
      <object_component id="oc-134">
         <name>.debug_abbrev</name>
         <load_address>0xa4f</load_address>
         <run_address>0xa4f</run_address>
         <size>0x6b</size>
         <input_file_ref idref="fl-f"/>
      </object_component>
      <object_component id="oc-12a">
         <name>.debug_abbrev</name>
         <load_address>0xaba</load_address>
         <run_address>0xaba</run_address>
         <size>0x81</size>
         <input_file_ref idref="fl-f"/>
      </object_component>
      <object_component id="oc-1a5">
         <name>.debug_abbrev</name>
         <load_address>0xb3b</load_address>
         <run_address>0xb3b</run_address>
         <size>0x92</size>
         <input_file_ref idref="fl-f"/>
      </object_component>
      <object_component id="oc-1be">
         <name>.debug_abbrev</name>
         <load_address>0xbcd</load_address>
         <run_address>0xbcd</run_address>
         <size>0x4b</size>
         <input_file_ref idref="fl-f"/>
      </object_component>
      <object_component id="oc-1c3">
         <name>.debug_abbrev</name>
         <load_address>0xc18</load_address>
         <run_address>0xc18</run_address>
         <size>0x4b</size>
         <input_file_ref idref="fl-f"/>
      </object_component>
      <object_component id="oc-1af">
         <name>.debug_abbrev</name>
         <load_address>0xc63</load_address>
         <run_address>0xc63</run_address>
         <size>0x4b</size>
         <input_file_ref idref="fl-f"/>
      </object_component>
      <object_component id="oc-143">
         <name>.debug_abbrev</name>
         <load_address>0xcae</load_address>
         <run_address>0xcae</run_address>
         <size>0xb4</size>
         <input_file_ref idref="fl-f"/>
      </object_component>
      <object_component id="oc-1b4">
         <name>.debug_abbrev</name>
         <load_address>0xd62</load_address>
         <run_address>0xd62</run_address>
         <size>0x4b</size>
         <input_file_ref idref="fl-f"/>
      </object_component>
      <object_component id="oc-1aa">
         <name>.debug_abbrev</name>
         <load_address>0xdad</load_address>
         <run_address>0xdad</run_address>
         <size>0x4b</size>
         <input_file_ref idref="fl-f"/>
      </object_component>
      <object_component id="oc-13e">
         <name>.debug_abbrev</name>
         <load_address>0xdf8</load_address>
         <run_address>0xdf8</run_address>
         <size>0x24</size>
         <input_file_ref idref="fl-f"/>
      </object_component>
      <object_component id="oc-196">
         <name>.debug_abbrev</name>
         <load_address>0xe1c</load_address>
         <run_address>0xe1c</run_address>
         <size>0x24</size>
         <input_file_ref idref="fl-f"/>
      </object_component>
      <object_component id="oc-12f">
         <name>.debug_abbrev</name>
         <load_address>0xe40</load_address>
         <run_address>0xe40</run_address>
         <size>0xc3</size>
         <input_file_ref idref="fl-f"/>
      </object_component>
      <object_component id="oc-1b9">
         <name>.debug_abbrev</name>
         <load_address>0xf03</load_address>
         <run_address>0xf03</run_address>
         <size>0x3a</size>
         <input_file_ref idref="fl-f"/>
      </object_component>
      <object_component id="oc-1a0">
         <name>.debug_abbrev</name>
         <load_address>0xf3d</load_address>
         <run_address>0xf3d</run_address>
         <size>0x3a</size>
         <input_file_ref idref="fl-f"/>
      </object_component>
      <object_component id="oc-14b">
         <name>.debug_abbrev</name>
         <load_address>0xf77</load_address>
         <run_address>0xf77</run_address>
         <size>0x99</size>
         <input_file_ref idref="fl-39"/>
      </object_component>
      <object_component id="oc-10a">
         <name>.debug_abbrev</name>
         <load_address>0x1010</load_address>
         <run_address>0x1010</run_address>
         <size>0x68</size>
         <input_file_ref idref="fl-39"/>
      </object_component>
      <object_component id="oc-14f">
         <name>.debug_abbrev</name>
         <load_address>0x1078</load_address>
         <run_address>0x1078</run_address>
         <size>0x49</size>
         <input_file_ref idref="fl-39"/>
      </object_component>
      <object_component id="oc-fa">
         <name>.debug_abbrev</name>
         <load_address>0x10c1</load_address>
         <run_address>0x10c1</run_address>
         <size>0x5d</size>
         <input_file_ref idref="fl-3b"/>
      </object_component>
      <object_component id="oc-90">
         <name>.debug_abbrev</name>
         <load_address>0x111e</load_address>
         <run_address>0x111e</run_address>
         <size>0x74</size>
         <input_file_ref idref="fl-3b"/>
      </object_component>
      <object_component id="oc-93">
         <name>.debug_abbrev</name>
         <load_address>0x1192</load_address>
         <run_address>0x1192</run_address>
         <size>0x24</size>
         <input_file_ref idref="fl-3b"/>
      </object_component>
      <object_component id="oc-f7">
         <name>.debug_abbrev</name>
         <load_address>0x11b6</load_address>
         <run_address>0x11b6</run_address>
         <size>0x24</size>
         <input_file_ref idref="fl-3b"/>
      </object_component>
      <object_component id="oc-102">
         <name>.debug_abbrev</name>
         <load_address>0x11da</load_address>
         <run_address>0x11da</run_address>
         <size>0x37</size>
         <input_file_ref idref="fl-3c"/>
      </object_component>
      <object_component id="oc-101">
         <name>.debug_abbrev</name>
         <load_address>0x1211</load_address>
         <run_address>0x1211</run_address>
         <size>0x6d</size>
         <input_file_ref idref="fl-3c"/>
      </object_component>
      <object_component id="oc-9d">
         <name>.debug_abbrev</name>
         <load_address>0x127e</load_address>
         <run_address>0x127e</run_address>
         <size>0x74</size>
         <input_file_ref idref="fl-3c"/>
      </object_component>
      <object_component id="oc-a1">
         <name>.debug_abbrev</name>
         <load_address>0x12f2</load_address>
         <run_address>0x12f2</run_address>
         <size>0x24</size>
         <input_file_ref idref="fl-3c"/>
      </object_component>
      <object_component id="oc-105">
         <name>.debug_abbrev</name>
         <load_address>0x1316</load_address>
         <run_address>0x1316</run_address>
         <size>0x37</size>
         <input_file_ref idref="fl-3d"/>
      </object_component>
      <object_component id="oc-a9">
         <name>.debug_abbrev</name>
         <load_address>0x134d</load_address>
         <run_address>0x134d</run_address>
         <size>0x6f</size>
         <input_file_ref idref="fl-3d"/>
      </object_component>
      <object_component id="oc-ac">
         <name>.debug_abbrev</name>
         <load_address>0x13bc</load_address>
         <run_address>0x13bc</run_address>
         <size>0x24</size>
         <input_file_ref idref="fl-3d"/>
      </object_component>
      <object_component id="oc-f2">
         <name>.debug_abbrev</name>
         <load_address>0x13e0</load_address>
         <run_address>0x13e0</run_address>
         <size>0x24</size>
         <input_file_ref idref="fl-3d"/>
      </object_component>
      <object_component id="oc-125">
         <name>.debug_abbrev</name>
         <load_address>0x1404</load_address>
         <run_address>0x1404</run_address>
         <size>0x39</size>
         <input_file_ref idref="fl-3e"/>
      </object_component>
      <object_component id="oc-173">
         <name>.debug_abbrev</name>
         <load_address>0x143d</load_address>
         <run_address>0x143d</run_address>
         <size>0x5b</size>
         <input_file_ref idref="fl-3f"/>
      </object_component>
      <object_component id="oc-120">
         <name>.debug_abbrev</name>
         <load_address>0x1498</load_address>
         <run_address>0x1498</run_address>
         <size>0x45</size>
         <input_file_ref idref="fl-3f"/>
      </object_component>
      <object_component id="oc-116">
         <name>.debug_abbrev</name>
         <load_address>0x14dd</load_address>
         <run_address>0x14dd</run_address>
         <size>0x8c</size>
         <input_file_ref idref="fl-3f"/>
      </object_component>
      <object_component id="oc-104">
         <name>.debug_abbrev</name>
         <load_address>0x1569</load_address>
         <run_address>0x1569</run_address>
         <size>0x27</size>
         <input_file_ref idref="fl-47"/>
      </object_component>
      <object_component id="oc-1cc">
         <name>.debug_abbrev</name>
         <load_address>0x1590</load_address>
         <run_address>0x1590</run_address>
         <size>0x35</size>
         <input_file_ref idref="fl-48"/>
      </object_component>
      <object_component id="oc-158">
         <name>.debug_abbrev</name>
         <load_address>0x15c5</load_address>
         <run_address>0x15c5</run_address>
         <size>0x29</size>
         <input_file_ref idref="fl-48"/>
      </object_component>
      <object_component id="oc-171">
         <name>.debug_abbrev</name>
         <load_address>0x15ee</load_address>
         <run_address>0x15ee</run_address>
         <size>0x29</size>
         <input_file_ref idref="fl-48"/>
      </object_component>
      <object_component id="oc-1cb">
         <name>.debug_abbrev</name>
         <load_address>0x1617</load_address>
         <run_address>0x1617</run_address>
         <size>0x53</size>
         <input_file_ref idref="fl-48"/>
      </object_component>
      <object_component id="oc-123">
         <name>.debug_abbrev</name>
         <load_address>0x166a</load_address>
         <run_address>0x166a</run_address>
         <size>0x3e</size>
         <input_file_ref idref="fl-49"/>
      </object_component>
      <object_component id="oc-ee">
         <name>.debug_abbrev</name>
         <load_address>0x16a8</load_address>
         <run_address>0x16a8</run_address>
         <size>0x71</size>
         <input_file_ref idref="fl-49"/>
      </object_component>
      <object_component id="oc-193">
         <name>.debug_abbrev</name>
         <load_address>0x1719</load_address>
         <run_address>0x1719</run_address>
         <size>0x5e</size>
         <input_file_ref idref="fl-4b"/>
      </object_component>
      <object_component id="oc-1fb">
         <name>.debug_abbrev</name>
         <load_address>0x1777</load_address>
         <run_address>0x1777</run_address>
         <size>0x50</size>
         <input_file_ref idref="fl-4c"/>
      </object_component>
      <object_component id="oc-1fc">
         <name>.debug_abbrev</name>
         <load_address>0x17c7</load_address>
         <run_address>0x17c7</run_address>
         <size>0x50</size>
         <input_file_ref idref="fl-4d"/>
      </object_component>
      <object_component id="oc-1fd">
         <name>.debug_abbrev</name>
         <load_address>0x1817</load_address>
         <run_address>0x1817</run_address>
         <size>0x50</size>
         <input_file_ref idref="fl-4e"/>
      </object_component>
      <object_component id="oc-1fe">
         <name>.debug_abbrev</name>
         <load_address>0x1867</load_address>
         <run_address>0x1867</run_address>
         <size>0x50</size>
         <input_file_ref idref="fl-4f"/>
      </object_component>
      <object_component id="oc-1ff">
         <name>.debug_abbrev</name>
         <load_address>0x18b7</load_address>
         <run_address>0x18b7</run_address>
         <size>0x50</size>
         <input_file_ref idref="fl-50"/>
      </object_component>
      <object_component id="oc-23b">
         <name>.debug_abbrev</name>
         <load_address>0x1907</load_address>
         <run_address>0x1907</run_address>
         <size>0xf</size>
      </object_component>
      <object_component id="oc-cd">
         <name>.debug_str</name>
         <load_address>0x0</load_address>
         <run_address>0x0</run_address>
         <size>0xf5</size>
         <input_file_ref idref="fl-3"/>
      </object_component>
      <object_component id="oc-1ca">
         <name>.debug_str</name>
         <load_address>0xf5</load_address>
         <run_address>0xf5</run_address>
         <size>0x21f</size>
         <input_file_ref idref="fl-3"/>
      </object_component>
      <object_component id="oc-13b">
         <name>.debug_str</name>
         <load_address>0x314</load_address>
         <run_address>0x314</run_address>
         <size>0x15b</size>
         <input_file_ref idref="fl-3"/>
      </object_component>
      <object_component id="oc-1d2">
         <name>.debug_str</name>
         <load_address>0x46f</load_address>
         <run_address>0x46f</run_address>
         <size>0x132</size>
         <input_file_ref idref="fl-d"/>
      </object_component>
      <object_component id="oc-16b">
         <name>.debug_str</name>
         <load_address>0x5a1</load_address>
         <run_address>0x5a1</run_address>
         <size>0x6ef</size>
         <input_file_ref idref="fl-d"/>
      </object_component>
      <object_component id="oc-161">
         <name>.debug_str</name>
         <load_address>0xc90</load_address>
         <run_address>0xc90</run_address>
         <size>0x2c7</size>
         <input_file_ref idref="fl-d"/>
      </object_component>
      <object_component id="oc-1dc">
         <name>.debug_str</name>
         <load_address>0xf57</load_address>
         <run_address>0xf57</run_address>
         <size>0x657</size>
         <input_file_ref idref="fl-d"/>
      </object_component>
      <object_component id="oc-1f5">
         <name>.debug_str</name>
         <load_address>0x15ae</load_address>
         <run_address>0x15ae</run_address>
         <size>0x5dc</size>
         <input_file_ref idref="fl-d"/>
      </object_component>
      <object_component id="oc-1fa">
         <name>.debug_str</name>
         <load_address>0x1b8a</load_address>
         <run_address>0x1b8a</run_address>
         <size>0x57b</size>
         <input_file_ref idref="fl-d"/>
      </object_component>
      <object_component id="oc-1e6">
         <name>.debug_str</name>
         <load_address>0x2105</load_address>
         <run_address>0x2105</run_address>
         <size>0x46b</size>
         <input_file_ref idref="fl-d"/>
      </object_component>
      <object_component id="oc-170">
         <name>.debug_str</name>
         <load_address>0x2570</load_address>
         <run_address>0x2570</run_address>
         <size>0x7ee</size>
         <input_file_ref idref="fl-d"/>
      </object_component>
      <object_component id="oc-1eb">
         <name>.debug_str</name>
         <load_address>0x2d5e</load_address>
         <run_address>0x2d5e</run_address>
         <size>0x209</size>
         <input_file_ref idref="fl-d"/>
      </object_component>
      <object_component id="oc-1e1">
         <name>.debug_str</name>
         <load_address>0x2f67</load_address>
         <run_address>0x2f67</run_address>
         <size>0x208</size>
         <input_file_ref idref="fl-d"/>
      </object_component>
      <object_component id="oc-14a">
         <name>.debug_str</name>
         <load_address>0x316f</load_address>
         <run_address>0x316f</run_address>
         <size>0x128</size>
         <input_file_ref idref="fl-d"/>
      </object_component>
      <object_component id="oc-19d">
         <name>.debug_str</name>
         <load_address>0x3297</load_address>
         <run_address>0x3297</run_address>
         <size>0xef</size>
         <input_file_ref idref="fl-d"/>
      </object_component>
      <object_component id="oc-166">
         <name>.debug_str</name>
         <load_address>0x3386</load_address>
         <run_address>0x3386</run_address>
         <size>0x14d3</size>
         <input_file_ref idref="fl-d"/>
      </object_component>
      <object_component id="oc-1f0">
         <name>.debug_str</name>
         <load_address>0x4859</load_address>
         <run_address>0x4859</run_address>
         <size>0x169</size>
         <input_file_ref idref="fl-d"/>
      </object_component>
      <object_component id="oc-1d7">
         <name>.debug_str</name>
         <load_address>0x49c2</load_address>
         <run_address>0x49c2</run_address>
         <size>0x13c</size>
         <input_file_ref idref="fl-d"/>
      </object_component>
      <object_component id="oc-136">
         <name>.debug_str</name>
         <load_address>0x4afe</load_address>
         <run_address>0x4afe</run_address>
         <size>0x6ef</size>
         <input_file_ref idref="fl-f"/>
      </object_component>
      <object_component id="oc-12c">
         <name>.debug_str</name>
         <load_address>0x51ed</load_address>
         <run_address>0x51ed</run_address>
         <size>0x2c7</size>
         <input_file_ref idref="fl-f"/>
      </object_component>
      <object_component id="oc-1a7">
         <name>.debug_str</name>
         <load_address>0x54b4</load_address>
         <run_address>0x54b4</run_address>
         <size>0x657</size>
         <input_file_ref idref="fl-f"/>
      </object_component>
      <object_component id="oc-1c0">
         <name>.debug_str</name>
         <load_address>0x5b0b</load_address>
         <run_address>0x5b0b</run_address>
         <size>0x5dc</size>
         <input_file_ref idref="fl-f"/>
      </object_component>
      <object_component id="oc-1c5">
         <name>.debug_str</name>
         <load_address>0x60e7</load_address>
         <run_address>0x60e7</run_address>
         <size>0x57b</size>
         <input_file_ref idref="fl-f"/>
      </object_component>
      <object_component id="oc-1b1">
         <name>.debug_str</name>
         <load_address>0x6662</load_address>
         <run_address>0x6662</run_address>
         <size>0x46b</size>
         <input_file_ref idref="fl-f"/>
      </object_component>
      <object_component id="oc-145">
         <name>.debug_str</name>
         <load_address>0x6acd</load_address>
         <run_address>0x6acd</run_address>
         <size>0x7ee</size>
         <input_file_ref idref="fl-f"/>
      </object_component>
      <object_component id="oc-1b6">
         <name>.debug_str</name>
         <load_address>0x72bb</load_address>
         <run_address>0x72bb</run_address>
         <size>0x209</size>
         <input_file_ref idref="fl-f"/>
      </object_component>
      <object_component id="oc-1ac">
         <name>.debug_str</name>
         <load_address>0x74c4</load_address>
         <run_address>0x74c4</run_address>
         <size>0x208</size>
         <input_file_ref idref="fl-f"/>
      </object_component>
      <object_component id="oc-140">
         <name>.debug_str</name>
         <load_address>0x76cc</load_address>
         <run_address>0x76cc</run_address>
         <size>0xc2</size>
         <input_file_ref idref="fl-f"/>
      </object_component>
      <object_component id="oc-198">
         <name>.debug_str</name>
         <load_address>0x778e</load_address>
         <run_address>0x778e</run_address>
         <size>0xee</size>
         <input_file_ref idref="fl-f"/>
      </object_component>
      <object_component id="oc-131">
[...]
         <attributes>RWIX</attributes>
         <usage_details>
            <allocated_space>
               <start_address>0xffe4</start_address>
               <size>0x2</size>
               <logical_group_ref idref="lg-18"/>
            </allocated_space>
         </usage_details>
      </memory_area>
      <memory_area display="no" color="green">
         <name>INT03</name>
         <page_id>0x0</page_id>
         <origin>0xffe6</origin>
         <length>0x2</length>
         <used_space>0x2</used_space>
         <unused_space>0x0</unused_space>
         <attributes>RWIX</attributes>
         <usage_details>
            <allocated_space>
               <start_address>0xffe6</start_address>
               <size>0x2</size>
               <logical_group_ref idref="lg-1a"/>
            </allocated_space>
         </usage_details>
      </memory_area>
      <memory_area display="no" color="green">
         <name>INT04</name>
         <page_id>0x0</page_id>
         <origin>0xffe8</origin>
         <length>0x2</length>
         <used_space>0x0</used_space>
         <unused_space>0x2</unused_space>
         <attributes>RWIX</attributes>
         <usage_details>
         </usage_details>
      </memory_area>
      <memory_area display="no" color="green">
         <name>INT05</name>
         <page_id>0x0</page_id>
         <origin>0xffea</origin>
         <length>0x2</length>
         <used_space>0x0</used_space>
         <unused_space>0x2</unused_space>
         <attributes>RWIX</attributes>
         <usage_details>
         </usage_details>
      </memory_area>
      <memory_area display="no" color="green">
         <name>INT06</name>
         <page_id>0x0</page_id>
         <origin>0xffec</origin>
         <length>0x2</length>
         <used_space>0x0</used_space>
         <unused_space>0x2</unused_space>
         <attributes>RWIX</attributes>
         <usage_details>
         </usage_details>
      </memory_area>
      <memory_area display="no" color="green">
         <name>INT07</name>
         <page_id>0x0</page_id>
         <origin>0xffee</origin>
         <length>0x2</length>
         <used_space>0x0</used_space>
         <unused_space>0x2</unused_space>
         <attributes>RWIX</attributes>
         <usage_details>
         </usage_details>
      </memory_area>
      <memory_area display="no" color="green">
         <name>INT08</name>
         <page_id>0x0</page_id>
         <origin>0xfff0</origin>
         <length>0x2</length>
         <used_space>0x2</used_space>
         <unused_space>0x0</unused_space>
         <attributes>RWIX</attributes>
         <usage_details>
            <allocated_space>
               <start_address>0xfff0</start_address>
               <size>0x2</size>
               <logical_group_ref idref="lg-20"/>
            </allocated_space>
         </usage_details>
      </memory_area>
      <memory_area display="no" color="green">
         <name>INT09</name>
         <page_id>0x0</page_id>
         <origin>0xfff2</origin>
         <length>0x2</length>
         <used_space>0x2</used_space>
         <unused_space>0x0</unused_space>
         <attributes>RWIX</attributes>
         <usage_details>
            <allocated_space>
               <start_address>0xfff2</start_address>
               <size>0x2</size>
               <logical_group_ref idref="lg-22"/>
            </allocated_space>
         </usage_details>
      </memory_area>
      <memory_area display="no" color="green">
         <name>INT10</name>
         <page_id>0x0</page_id>
         <origin>0xfff4</origin>
         <length>0x2</length>
         <used_space>0x2</used_space>
         <unused_space>0x0</unused_space>
         <attributes>RWIX</attributes>
         <usage_details>
            <allocated_space>
               <start_address>0xfff4</start_address>
               <size>0x2</size>
               <logical_group_ref idref="lg-24"/>
            </allocated_space>
         </usage_details>
      </memory_area>
      <memory_area display="no" color="green">
         <name>INT11</name>
         <page_id>0x0</page_id>
         <origin>0xfff6</origin>
         <length>0x2</length>
         <used_space>0x2</used_space>
         <unused_space>0x0</unused_space>
         <attributes>RWIX</attributes>
         <usage_details>
            <allocated_space>
               <start_address>0xfff6</start_address>
               <size>0x2</size>
               <logical_group_ref idref="lg-26"/>
            </allocated_space>
         </usage_details>
      </memory_area>
      <memory_area display="no" color="green">
         <name>INT12</name>
         <page_id>0x0</page_id>
         <origin>0xfff8</origin>
         <length>0x2</length>
         <used_space>0x0</used_space>
         <unused_space>0x2</unused_space>
         <attributes>RWIX</attributes>
         <usage_details>
         </usage_details>
      </memory_area>
      <memory_area display="no" color="green">
         <name>INT13</name>
         <page_id>0x0</page_id>
         <origin>0xfffa</origin>
         <length>0x2</length>
         <used_space>0x0</used_space>
         <unused_space>0x2</unused_space>
         <attributes>RWIX</attributes>
         <usage_details>
         </usage_details>
      </memory_area>
      <memory_area display="no" color="green">
         <name>INT14</name>
         <page_id>0x0</page_id>
         <origin>0xfffc</origin>
         <length>0x2</length>
         <used_space>0x2</used_space>
         <unused_space>0x0</unused_space>
         <attributes>RWIX</attributes>
         <usage_details>
            <allocated_space>
               <start_address>0xfffc</start_address>
               <size>0x2</size>
               <logical_group_ref idref="lg-2a"/>
            </allocated_space>
         </usage_details>
      </memory_area>
      <memory_area display="no" color="green">
         <name>RESET</name>
         <page_id>0x0</page_id>
         <origin>0xfffe</origin>
         <length>0x2</length>
         <used_space>0x2</used_space>
         <unused_space>0x0</unused_space>
         <attributes>RWIX</attributes>
         <usage_details>
            <allocated_space>
               <start_address>0xfffe</start_address>
               <size>0x2</size>
               <logical_group_ref idref="lg-2c"/>
            </allocated_space>
         </usage_details>
      </memory_area>
   </placement_map>
   <cptbl_list>
      <cptbl>
         <name>__TI_cinit_table</name>
         <cprec>
            <name>.data</name>
            <load_address>0xfa48</load_address>
            <load_size>0x8</load_size>
            <run_address>0x204</run_address>
            <run_size>0x4</run_size>
            <compression>copy</compression>
         </cprec>
         <cprec>
            <name>.bss</name>
            <load_address>0xfa56</load_address>
            <load_size>0x4</load_size>
            <run_address>0x200</run_address>
            <run_size>0x4</run_size>
            <compression>zero_init</compression>
         </cprec>
      </cptbl>
   </cptbl_list>
   <handler_table>
      <handler_table_name>__TI_handler_table</handler_table_name>
      <handler>
         <index>0x0</index>
         <name>__TI_zero_init</name>
      </handler>
      <handler>
         <index>0x1</index>
         <name>__TI_decompress_rle24</name>
      </handler>
      <handler>
         <index>0x2</index>
         <name>__TI_decompress_none</name>
      </handler>
   </handler_table>
   <symbol_table>
      <symbol id="sm-1">
         <name>xdc_runtime_Startup__RESETFXN__C</name>
         <value>0x0</value>
      </symbol>
      <symbol id="sm-2">
         <name>xdc_runtime_Startup_reset__I</name>
         <value>0x0</value>
      </symbol>
      <symbol id="sm-3">
         <name>xdc_runtime_Startup__EXECFXN__C</name>
         <value>0x0</value>
      </symbol>
      <symbol id="sm-4">
         <name>xdc_runtime_Startup_exec__E</name>
         <value>0x0</value>
      </symbol>
      <symbol id="sm-5">
         <name>IE1</name>
         <value>0x0</value>
      </symbol>
      <symbol id="sm-6">
         <name>IFG1</name>
         <value>0x2</value>
      </symbol>
      <symbol id="sm-7">
         <name>DCOCTL</name>
         <value>0x56</value>
      </symbol>
      <symbol id="sm-8">
         <name>BCSCTL1</name>
         <value>0x57</value>
      </symbol>
      <symbol id="sm-9">
         <name>BCSCTL2</name>
         <value>0x58</value>
      </symbol>
      <symbol id="sm-a">
         <name>BCSCTL3</name>
         <value>0x53</value>
      </symbol>
      <symbol id="sm-b">
         <name>CACTL1</name>
         <value>0x59</value>
      </symbol>
      <symbol id="sm-c">
         <name>CACTL2</name>
         <value>0x5a</value>
      </symbol>
      <symbol id="sm-d">
         <name>CAPD</name>
         <value>0x5b</value>
      </symbol>
      <symbol id="sm-e">
         <name>FCTL1</name>
         <value>0x128</value>
      </symbol>
      <symbol id="sm-f">
         <name>FCTL2</name>
         <value>0x12a</value>
      </symbol>
      <symbol id="sm-10">
         <name>FCTL3</name>
         <value>0x12c</value>
      </symbol>
      <symbol id="sm-11">
         <name>P1IN</name>
         <value>0x20</value>
      </symbol>
      <symbol id="sm-12">
         <name>P1OUT</name>
         <value>0x21</value>
      </symbol>
      <symbol id="sm-13">
         <name>P1DIR</name>
         <value>0x22</value>
      </symbol>
      <symbol id="sm-14">
         <name>P1IFG</name>
         <value>0x23</value>
      </symbol>
      <symbol id="sm-15">
         <name>P1IES</name>
         <value>0x24</value>
      </symbol>
      <symbol id="sm-16">
         <name>P1IE</name>
         <value>0x25</value>
      </symbol>
      <symbol id="sm-17">
         <name>P1SEL</name>
         <value>0x26</value>
      </symbol>
      <symbol id="sm-18">
         <name>P1REN</name>
         <value>0x27</value>
      </symbol>
      <symbol id="sm-19">
         <name>P2IN</name>
         <value>0x28</value>
      </symbol>
      <symbol id="sm-1a">
         <name>P2OUT</name>
         <value>0x29</value>
      </symbol>
      <symbol id="sm-1b">
         <name>P2DIR</name>
         <value>0x2a</value>
      </symbol>
      <symbol id="sm-1c">
         <name>P2IFG</name>
         <value>0x2b</value>
      </symbol>
      <symbol id="sm-1d">
         <name>P2IES</name>
         <value>0x2c</value>
      </symbol>
      <symbol id="sm-1e">
         <name>P2IE</name>
         <value>0x2d</value>
      </symbol>
      <symbol id="sm-1f">
         <name>P2SEL</name>
         <value>0x2e</value>
      </symbol>
      <symbol id="sm-20">
         <name>P2REN</name>
         <value>0x2f</value>
      </symbol>
      <symbol id="sm-21">
         <name>TAIV</name>
         <value>0x12e</value>
      </symbol>
      <symbol id="sm-22">
         <name>TACTL</name>
         <value>0x160</value>
      </symbol>
      <symbol id="sm-23">
         <name>TACCTL0</name>
         <value>0x162</value>
      </symbol>
      <symbol id="sm-24">
         <name>TACCTL1</name>
         <value>0x164</value>
      </symbol>
      <symbol id="sm-25">
         <name>TAR</name>
         <value>0x170</value>
      </symbol>
      <symbol id="sm-26">
         <name>TACCR0</name>
         <value>0x172</value>
      </symbol>
      <symbol id="sm-27">
         <name>TACCR1</name>
         <value>0x174</value>
      </symbol>
      <symbol id="sm-28">
         <name>WDTCTL</name>
         <value>0x120</value>
      </symbol>
      <symbol id="sm-29">
         <name>CALDCO_1MHZ</name>
         <value>0x10fe</value>
      </symbol>
      <symbol id="sm-2a">
         <name>CALBC1_1MHZ</name>
         <value>0x10ff</value>
      </symbol>
      <symbol id="sm-2b">
         <name>__TI_CINIT_Base</name>
         <value>0xfa5a</value>
      </symbol>
      <symbol id="sm-2c">
         <name>__TI_CINIT_Limit</name>
         <value>0xfa62</value>
      </symbol>
      <symbol id="sm-2d">
         <name>__TI_Handler_Table_Base</name>
         <value>0xfa50</value>
      </symbol>
      <symbol id="sm-2e">
         <name>__TI_Handler_Table_Limit</name>
         <value>0xfa56</value>
      </symbol>
      <symbol id="sm-2f">
         <name>binit</name>
         <value>0xffffffff</value>
      </symbol>
      <symbol id="sm-30">
         <name>__binit__</name>
         <value>0xffffffff</value>
      </symbol>
      <symbol id="sm-31">
         <name>__STACK_SIZE</name>
         <value>0x40</value>
      </symbol>
      <symbol id="sm-32">
         <name>__STACK_END</name>
         <value>0x280</value>
      </symbol>
      <symbol id="sm-33">
         <name>__c_args__</name>
         <value>0xffffffff</value>
      </symbol>
      <symbol id="sm-77">
         <name>__TARG__</name>
         <value>0x9c</value>
         <object_component_ref idref="oc-83"/>
      </symbol>
      <symbol id="sm-78">
         <name>__TRDR__</name>
         <value>0xc8</value>
         <object_component_ref idref="oc-83"/>
      </symbol>
      <symbol id="sm-79">
         <name>__PLAT__</name>
         <value>0x78</value>
         <object_component_ref idref="oc-83"/>
      </symbol>
      <symbol id="sm-7a">
         <name>__ISA__</name>
         <value>0x66</value>
         <object_component_ref idref="oc-83"/>
      </symbol>
      <symbol id="sm-7b">
         <name>__ASM__</name>
         <value>0x0</value>
         <object_component_ref idref="oc-83"/>
      </symbol>
      <symbol id="sm-86">
         <name>main</name>
         <value>0xf9c8</value>
         <object_component_ref idref="oc-d5"/>
      </symbol>
      <symbol id="sm-e6">
         <name>_cleanup_ptr</name>
         <value>0x200</value>
      </symbol>
      <symbol id="sm-e7">
         <name>_dtors_ptr</name>
         <value>0x202</value>
      </symbol>
      <symbol id="sm-e8">
         <name>_c_int00</name>
         <value>0xf94a</value>
         <object_component_ref idref="oc-47"/>
      </symbol>
      <symbol id="sm-e9">
         <name>_stack</name>
         <value>0x240</value>
         <object_component_ref idref="oc-86"/>
      </symbol>
      <symbol id="sm-ea">
         <name>_reset_vector</name>
         <value>0xfffe</value>
         <object_component_ref idref="oc-89"/>
      </symbol>
      <symbol id="sm-f3">
         <name>_system_pre_init</name>
         <value>0xfa3c</value>
         <object_component_ref idref="oc-b0"/>
      </symbol>
      <symbol id="sm-14b">
         <name>_auto_init</name>
         <value>0xf800</value>
         <object_component_ref idref="oc-b6"/>
      </symbol>
      <symbol id="sm-15f">
         <name>_args_main</name>
         <value>0xf96e</value>
         <object_component_ref idref="oc-bc"/>
      </symbol>
      <symbol id="sm-177">
         <name>__TI_decompress_none</name>
         <value>0xf9f4</value>
         <object_component_ref idref="oc-2e"/>
      </symbol>
      <symbol id="sm-199">
         <name>__TI_decompress_rle24</name>
         <value>0xfa36</value>
         <object_component_ref idref="oc-34"/>
      </symbol>
      <symbol id="sm-1b1">
         <name>__TI_zero_init</name>
         <value>0xf9e0</value>
         <object_component_ref idref="oc-41"/>
      </symbol>
      <symbol id="sm-1ba">
         <name>__mspabi_func_epilog_2</name>
         <value>0xfa22</value>
         <object_component_ref idref="oc-fc"/>
      </symbol>
      <symbol id="sm-1bb">
         <name>__mspabi_func_epilog_3</name>
         <value>0xfa20</value>
         <object_component_ref idref="oc-fc"/>
      </symbol>
      <symbol id="sm-1bc">
         <name>__mspabi_func_epilog_1</name>
         <value>0xfa24</value>
         <object_component_ref idref="oc-fc"/>
      </symbol>
      <symbol id="sm-1bd">
         <name>__mspabi_func_epilog_6</name>
         <value>0xfa1a</value>
         <object_component_ref idref="oc-fc"/>
      </symbol>
      <symbol id="sm-1be">
         <name>__mspabi_func_epilog_7</name>
         <value>0xfa18</value>
         <object_component_ref idref="oc-fc"/>
      </symbol>
      <symbol id="sm-1bf">
         <name>__mspabi_func_epilog_4</name>
         <value>0xfa1e</value>
         <object_component_ref idref="oc-fc"/>
      </symbol>
      <symbol id="sm-1c0">
         <name>__mspabi_func_epilog_5</name>
         <value>0xfa1c</value>
         <object_component_ref idref="oc-fc"/>
      </symbol>
      <symbol id="sm-1d7">
         <name>C$$EXIT</name>
         <value>0xfa40</value>
         <object_component_ref idref="oc-dd"/>
      </symbol>
      <symbol id="sm-1d8">
         <name>abort</name>
         <value>0xfa40</value>
         <object_component_ref idref="oc-dd"/>
      </symbol>
      <symbol id="sm-1d9">
         <name>exit</name>
         <value>0xf8f8</value>
         <object_component_ref idref="oc-c2"/>
      </symbol>
      <symbol id="sm-1dc">
         <name>__TI_int02</name>
         <value>0xffe4</value>
         <object_component_ref idref="oc-3a"/>
      </symbol>
      <symbol id="sm-1df">
         <name>__TI_int03</name>
         <value>0xffe6</value>
         <object_component_ref idref="oc-3b"/>
      </symbol>
      <symbol id="sm-1e2">
         <name>__TI_int08</name>
         <value>0xfff0</value>
         <object_component_ref idref="oc-3c"/>
      </symbol>
      <symbol id="sm-1e5">
         <name>__TI_int09</name>
         <value>0xfff2</value>
         <object_component_ref idref="oc-3d"/>
      </symbol>
      <symbol id="sm-1e8">
         <name>__TI_int10</name>
         <value>0xfff4</value>
         <object_component_ref idref="oc-3e"/>
      </symbol>
      <symbol id="sm-1eb">
         <name>__TI_int11</name>
         <value>0xfff6</value>
         <object_component_ref idref="oc-3f"/>
      </symbol>
      <symbol id="sm-1ee">
         <name>__TI_int14</name>
         <value>0xfffc</value>
         <object_component_ref idref="oc-40"/>
      </symbol>
      <symbol id="sm-1f6">
         <name>__TI_ISR_TRAP</name>
         <value>0xfa30</value>
         <object_component_ref idref="oc-a4"/>
      </symbol>
      <symbol id="sm-20c">
         <name>_nop</name>
         <value>0xfa46</value>
         <object_component_ref idref="oc-152"/>
      </symbol>
      <symbol id="sm-20d">
         <name>_lock</name>
         <value>0x204</value>
         <object_component_ref idref="oc-10c"/>
      </symbol>
      <symbol id="sm-20e">
         <name>_unlock</name>
         <value>0x206</value>
         <object_component_ref idref="oc-113"/>
      </symbol>
      <symbol id="sm-21c">
         <name>memcpy</name>
         <value>0xfa06</value>
         <object_component_ref idref="oc-8a"/>
      </symbol>
      <symbol id="sm-226">
         <name>Grace_init</name>
         <value>0xf990</value>
         <object_component_ref idref="oc-119"/>
      </symbol>
      <symbol id="sm-22f">
         <name>GPIO_graceInit</name>
         <value>0xf8ce</value>
         <object_component_ref idref="oc-175"/>
      </symbol>
      <symbol id="sm-239">
         <name>BCSplus_graceInit</name>
         <value>0xf922</value>
         <object_component_ref idref="oc-17b"/>
      </symbol>
      <symbol id="sm-242">
         <name>InterruptVectors_graceInit</name>
         <value>0xfa44</value>
         <object_component_ref idref="oc-181"/>
      </symbol>
      <symbol id="sm-24d">
         <name>System_graceInit</name>
         <value>0xf9ac</value>
         <object_component_ref idref="oc-187"/>
      </symbol>
      <symbol id="sm-256">
         <name>WDTplus_graceInit</name>
         <value>0xfa28</value>
         <object_component_ref idref="oc-18d"/>
      </symbol>
      <symbol id="sm-258">
         <name>__TI_INITARRAY_Base</name>
         <value>0x0</value>
      </symbol>
      <symbol id="sm-259">
         <name>__TI_INITARRAY_Limit</name>
         <value>0x0</value>
      </symbol>
   </symbol_table>
   <title>Link successful</title>
</link_info>
