******************************************************************************
                  MSP430 Linker PC v4.4.2                      
******************************************************************************
>> Linked Sun Aug 16 16:01:25 2015

OUTPUT FILE NAME:   <ShowerMetronone.out>
ENTRY POINT SYMBOL: "_c_int00"  address: 0000f94a


MEMORY CONFIGURATION

         name            origin    length      used     unused   attr    fill
----------------------  --------  ---------  --------  --------  ----  --------
  SFR                   00000000   00000010  00000000  00000010  RWIX
  PERIPHERALS_8BIT      00000010   000000f0  00000000  000000f0  RWIX
  PERIPHERALS_16BIT     00000100   00000100  00000000  00000100  RWIX
  RAM                   00000200   00000080  00000048  00000038  RWIX
  INFOD                 00001000   00000040  00000000  00000040  RWIX
  INFOC                 00001040   00000040  00000000  00000040  RWIX
  INFOB                 00001080   00000040  00000000  00000040  RWIX
  INFOA                 000010c0   00000040  00000000  00000040  RWIX
  FLASH                 0000f800   000007e0  00000262  0000057e  RWIX
  INT00                 0000ffe0   00000002  00000000  00000002  RWIX
  INT01                 0000ffe2   00000002  00000000  00000002  RWIX
  INT02                 0000ffe4   00000002  00000002  00000000  RWIX
  INT03                 0000ffe6   00000002  00000002  00000000  RWIX
  INT04                 0000ffe8   00000002  00000000  00000002  RWIX
  INT05                 0000ffea   00000002  00000000  00000002  RWIX
  INT06                 0000ffec   00000002  00000000  00000002  RWIX
  INT07                 0000ffee   00000002  00000000  00000002  RWIX
  INT08                 0000fff0   00000002  00000002  00000000  RWIX
  INT09                 0000fff2   00000002  00000002  00000000  RWIX
  INT10                 0000fff4   00000002  00000002  00000000  RWIX
  INT11                 0000fff6   00000002  00000002  00000000  RWIX
  INT12                 0000fff8   00000002  00000000  00000002  RWIX
  INT13                 0000fffa   00000002  00000000  00000002  RWIX
  INT14                 0000fffc   00000002  00000002  00000000  RWIX
  RESET                 0000fffe   00000002  00000002  00000000  RWIX


SECTION ALLOCATION MAP

 output                                  attributes/
section   page    origin      length       input sections
--------  ----  ----------  ----------   ----------------
xdc.meta   0    00000000    000000f0     COPY SECTION
                  00000000    000000f0     main_pe430.oe430 (xdc.meta)

.bss       0    00000200    00000004     UNINITIALIZED
                  00000200    00000002     (.common:_cleanup_ptr)
                  00000202    00000002     (.common:_dtors_ptr)

.data      0    00000204    00000004     UNINITIALIZED
                  00000204    00000002     rts430_eabi.lib : _lock.obj (.data:_lock)
                  00000206    00000002                     : _lock.obj (.data:_unlock)

.TI.persistent 
*          0    00000204    00000000     UNINITIALIZED

.stack     0    00000240    00000040     UNINITIALIZED
                  00000240    00000002     boot.ae430 : boot.oe430 (.stack)
                  00000242    0000003e     --HOLE--

.text      0    0000f800    00000248     
                  0000f800    0000006a     boot.ae430 : autoinit.oe430 (.text:_auto_init)
                  0000f86a    00000064     rts430_eabi.lib : copy_decompress_rle.obj (.text:__TI_decompress_rle_core)
                  0000f8ce    0000002a     grace.lib : GPIO_init.obj (.text:GPIO_graceInit)
                  0000f8f8    0000002a     rts430_eabi.lib : exit.obj (.text:exit)
                  0000f922    00000028     grace.lib : BCSplus_init.obj (.text:BCSplus_graceInit)
                  0000f94a    00000024     boot.ae430 : boot.oe430 (.text:_c_int00)
                  0000f96e    00000022     rts430_eabi.lib : args_main.obj (.text:_args_main)
                  0000f990    0000001c     grace.lib : Grace_init.obj (.text:Grace_init)
                  0000f9ac    0000001c               : System_init.obj (.text:System_graceInit)
                  0000f9c8    00000018     main.obj (.text:main)
                  0000f9e0    00000014     rts430_eabi.lib : copy_zero_init.obj (.text:decompress:ZI:__TI_zero_init)
                  0000f9f4    00000012                     : copy_decompress_none.obj (.text:decompress:none:__TI_decompress_none)
                  0000fa06    00000012                     : memcpy.obj (.text:memcpy)
                  0000fa18    00000010                     : epilog.obj (.text)
                  0000fa28    00000008     grace.lib : WDTplus_init.obj (.text:WDTplus_graceInit)
                  0000fa30    00000006     rts430_eabi.lib : isr_trap.obj (.text:_isr:__TI_ISR_TRAP)
                  0000fa36    00000006                     : copy_decompress_rle.obj (.text:decompress:rle24:__TI_decompress_rle24)
                  0000fa3c    00000004     boot.ae430 : pre_init.oe430 (.text:_system_pre_init)
                  0000fa40    00000004     rts430_eabi.lib : exit.obj (.text:abort)
                  0000fa44    00000002     grace.lib : InterruptVectors_init.obj (.text:InterruptVectors_graceInit)
                  0000fa46    00000002     rts430_eabi.lib : _lock.obj (.text:_nop)

.cinit     0    0000fa48    0000001a     
                  0000fa48    00000008     (.cinit..data.load) [load image]
                  0000fa50    00000006     (__TI_handler_table)
                  0000fa56    00000004     (.cinit..bss.load) [load image, compression = zero_init]
                  0000fa5a    00000008     (__TI_cinit_table)

.init_array 
*          0    0000f800    00000000     UNINITIALIZED

PORT1      0    0000ffe4    00000002     
                  0000ffe4    00000002     rts430_eabi.lib : int02.obj (.int02)

PORT2      0    0000ffe6    00000002     
                  0000ffe6    00000002     rts430_eabi.lib : int03.obj (.int03)

TIMERA1    0    0000fff0    00000002     
                  0000fff0    00000002     rts430_eabi.lib : int08.obj (.int08)

TIMERA0    0    0000fff2    00000002     
                  0000fff2    00000002     rts430_eabi.lib : int09.obj (.int09)

WDT        0    0000fff4    00000002     
                  0000fff4    00000002     rts430_eabi.lib : int10.obj (.int10)

COMPARATORA 
*          0    0000fff6    00000002     
                  0000fff6    00000002     rts430_eabi.lib : int11.obj (.int11)

NMI        0    0000fffc    00000002     
                  0000fffc    00000002     rts430_eabi.lib : int14.obj (.int14)

.reset     0    0000fffe    00000002     
                  0000fffe    00000002     boot.ae430 : boot.oe430 (.reset)


LINKER GENERATED COPY TABLES

__TI_cinit_table @ 0000fa5a records: 2, size/record: 4, table size: 8
	.data: load addr=0000fa48, load size=00000008 bytes, run addr=00000204, run size=00000004 bytes, compression=copy
	.bss: load addr=0000fa56, load size=00000004 bytes, run addr=00000200, run size=00000004 bytes, compression=zero_init


LINKER GENERATED HANDLER TABLE

__TI_handler_table @ 0000fa50 records: 3, size/record: 2, table size: 6
	index: 0, handler: __TI_zero_init
	index: 1, handler: __TI_decompress_rle24
	index: 2, handler: __TI_decompress_none


GLOBAL SYMBOLS: SORTED ALPHABETICALLY BY Name 

address   name                            
-------   ----                            
00000057  BCSCTL1                         
00000058  BCSCTL2                         
00000053  BCSCTL3                         
0000f922  BCSplus_graceInit               
0000fa40  C$$EXIT                         
00000059  CACTL1                          
0000005a  CACTL2                          
000010ff  CALBC1_1MHZ                     
000010fe  CALDCO_1MHZ                     
0000005b  CAPD                            
00000056  DCOCTL                          
00000128  FCTL1                           
0000012a  FCTL2                           
0000012c  FCTL3                           
0000f8ce  GPIO_graceInit                  
0000f990  Grace_init                      
00000000  IE1                             
00000002  IFG1                            
0000fa44  InterruptVectors_graceInit      
00000022  P1DIR                           
00000025  P1IE                            
00000024  P1IES                           
00000023  P1IFG                           
00000020  P1IN                            
00000021  P1OUT                           
00000027  P1REN                           
00000026  P1SEL                           
0000002a  P2DIR                           
0000002d  P2IE                            
0000002c  P2IES                           
0000002b  P2IFG                           
00000028  P2IN                            
00000029  P2OUT                           
0000002f  P2REN                           
0000002e  P2SEL                           
0000f9ac  System_graceInit                
00000172  TACCR0                          
00000174  TACCR1                          
00000162  TACCTL0                         
00000164  TACCTL1                         
00000160  TACTL                           
0000012e  TAIV                            
00000170  TAR                             
00000120  WDTCTL                          
0000fa28  WDTplus_graceInit               
00000000  __ASM__                         
00000066  __ISA__                         
00000078  __PLAT__                        
00000280  __STACK_END                     
00000040  __STACK_SIZE                    
0000009c  __TARG__                        
0000fa5a  __TI_CINIT_Base                 
0000fa62  __TI_CINIT_Limit                
0000fa50  __TI_Handler_Table_Base         
0000fa56  __TI_Handler_Table_Limit        
UNDEFED   __TI_INITARRAY_Base             
UNDEFED   __TI_INITARRAY_Limit            
0000fa30  __TI_ISR_TRAP                   
0000f9f4  __TI_decompress_none            
0000fa36  __TI_decompress_rle24           
0000ffe4  __TI_int02                      
0000ffe6  __TI_int03                      
0000fff0  __TI_int08                      
0000fff2  __TI_int09                      
0000fff4  __TI_int10                      
0000fff6  __TI_int11                      
0000fffc  __TI_int14                      
0000f9e0  __TI_zero_init                  
000000c8  __TRDR__                        
ffffffff  __binit__                       
ffffffff  __c_args__                      
0000fa24  __mspabi_func_epilog_1          
0000fa22  __mspabi_func_epilog_2          
0000fa20  __mspabi_func_epilog_3          
0000fa1e  __mspabi_func_epilog_4          
0000fa1c  __mspabi_func_epilog_5          
0000fa1a  __mspabi_func_epilog_6          
0000fa18  __mspabi_func_epilog_7          
0000f96e  _args_main                      
0000f800  _auto_init                      
0000f94a  _c_int00                        
00000200  _cleanup_ptr                    
00000202  _dtors_ptr                      
00000204  _lock                           
0000fa46  _nop                            
0000fffe  _reset_vector                   
00000240  _stack                          
0000fa3c  _system_pre_init                
00000206  _unlock                         
0000fa40  abort                           
ffffffff  binit                           
0000f8f8  exit                            
0000f9c8  main                            
0000fa06  memcpy                          
00000000  xdc_runtime_Startup__EXECFXN__C 
00000000  xdc_runtime_Startup__RESETFXN__C
00000000  xdc_runtime_Startup_exec__E     
00000000  xdc_runtime_Startup_reset__I    


GLOBAL SYMBOLS: SORTED BY Symbol Address 

address   name                            
-------   ----                            
00000000  IE1                             
00000000  __ASM__                         
00000000  xdc_runtime_Startup__EXECFXN__C 
00000000  xdc_runtime_Startup__RESETFXN__C
00000000  xdc_runtime_Startup_exec__E     
00000000  xdc_runtime_Startup_reset__I    
00000002  IFG1                            
00000020  P1IN                            
00000021  P1OUT                           
00000022  P1DIR                           
00000023  P1IFG                           
00000024  P1IES                           
00000025  P1IE                            
00000026  P1SEL                           
00000027  P1REN                           
00000028  P2IN                            
00000029  P2OUT                           
0000002a  P2DIR                           
0000002b  P2IFG                           
0000002c  P2IES                           
0000002d  P2IE                            
0000002e  P2SEL                           
0000002f  P2REN                           
00000040  __STACK_SIZE                    
00000053  BCSCTL3                         
00000056  DCOCTL                          
00000057  BCSCTL1                         
00000058  BCSCTL2                         
00000059  CACTL1                          
0000005a  CACTL2                          
0000005b  CAPD                            
00000066  __ISA__                         
00000078  __PLAT__                        
0000009c  __TARG__                        
000000c8  __TRDR__                        
00000120  WDTCTL                          
00000128  FCTL1                           
0000012a  FCTL2                           
0000012c  FCTL3                           
0000012e  TAIV                            
00000160  TACTL                           
00000162  TACCTL0                         
00000164  TACCTL1                         
00000170  TAR                             
00000172  TACCR0                          
00000174  TACCR1                          
00000200  _cleanup_ptr                    
00000202  _dtors_ptr                      
00000204  _lock                           
00000206  _unlock                         
00000240  _stack                          
00000280  __STACK_END                     
000010fe  CALDCO_1MHZ                     
000010ff  CALBC1_1MHZ                     
0000f800  _auto_init                      
0000f8ce  GPIO_graceInit                  
0000f8f8  exit                            
0000f922  BCSplus_graceInit               
0000f94a  _c_int00                        
0000f96e  _args_main                      
0000f990  Grace_init                      
0000f9ac  System_graceInit                
0000f9c8  main                            
0000f9e0  __TI_zero_init                  
0000f9f4  __TI_decompress_none            
0000fa06  memcpy                          
0000fa18  __mspabi_func_epilog_7          
0000fa1a  __mspabi_func_epilog_6          
0000fa1c  __mspabi_func_epilog_5          
0000fa1e  __mspabi_func_epilog_4          
0000fa20  __mspabi_func_epilog_3          
0000fa22  __mspabi_func_epilog_2          
0000fa24  __mspabi_func_epilog_1          
0000fa28  WDTplus_graceInit               
0000fa30  __TI_ISR_TRAP                   
0000fa36  __TI_decompress_rle24           
0000fa3c  _system_pre_init                
0000fa40  C$$EXIT                         
0000fa40  abort                           
0000fa44  InterruptVectors_graceInit      
0000fa46  _nop                            
0000fa50  __TI_Handler_Table_Base         
0000fa56  __TI_Handler_Table_Limit        
0000fa5a  __TI_CINIT_Base                 
0000fa62  __TI_CINIT_Limit                
0000ffe4  __TI_int02                      
0000ffe6  __TI_int03                      
0000fff0  __TI_int08                      
0000fff2  __TI_int09                      
0000fff4  __TI_int10                      
0000fff6  __TI_int11                      
0000fffc  __TI_int14                      
0000fffe  _reset_vector                   
ffffffff  __binit__                       
ffffffff  __c_args__                      
ffffffff  binit                           
UNDEFED   __TI_INITARRAY_Base             
UNDEFED   __TI_INITARRAY_Limit            

[98 symbols]
